INFO: [Common 17-3922] A valid Vivado Design Suite BASIC license has been detected. Your current license is active and will expire on 03-sep-2027.

****** Vivado v2026.1 (64-bit)
  **** SW Build 6511674 on Tue Jun 16 11:02:23 MDT 2026
  **** IP Build 6504888 on Tue Jun 09 09:05:25 MDT 2026
  **** SharedData Build 6501428 on Mon Jun 08 17:34:18 MDT 2026
  **** Start of session at: Sat Sep 12 16:23:34 2026
    ** Copyright 1986-2022 Xilinx, Inc. All Rights Reserved.
    ** Copyright 2022-2026 Advanced Micro Devices, Inc. All Rights Reserved.

source build.tcl
# set proj_dir  "X:/Entropic_R32-P5_RISC-V_UART/fpga/basys3"
# set rtl_dir   "X:/Entropic_R32-P5_RISC-V_UART/rtl"
# set part      "xc7a35tcpg236-1"
# set proj_file "$proj_dir/proj/r32p5_basys3.xpr"
# if {[file exists "$proj_dir/proj"]} {
#     file delete -force "$proj_dir/proj"
# }
# create_project r32p5_basys3 "$proj_dir/proj" -part $part -force
create_project: Time (s): cpu = 00:00:08 ; elapsed = 00:00:06 . Memory (MB): peak = 585.109 ; gain = 270.238
# add_files -norecurse [glob "$rtl_dir/*.v"]
# add_files -norecurse [glob "$proj_dir/basys3_top.v"]
# add_files -fileset constrs_1 -norecurse "$proj_dir/basys3.xdc"
# set_property top basys3_top [current_fileset]
# update_compile_order -fileset sources_1
# synth_design -top basys3_top -part $part
Command: synth_design -top basys3_top -part xc7a35tcpg236-1
Starting synth_design
Attempting to get a license for feature 'Vivado_Synthesis' and/or device 'xc7a35t'
INFO: [Common 17-349] Got license for feature 'Vivado_Synthesis' and/or device 'xc7a35t'
INFO: [Device 21-403] Loading part xc7a35tcpg236-1
INFO: [Designutils 20-5008] Incremental synthesis strategy default
INFO: [Synth 8-7079] Multithreading enabled for synth_design using a maximum of 2 processes.
INFO: [Synth 8-7078] Launching helper process for spawning children vivado processes
INFO: [Synth 8-7075] Helper process launched with PID 22364
---------------------------------------------------------------------------------
Starting RTL Elaboration : Time (s): cpu = 00:00:04 ; elapsed = 00:00:05 . Memory (MB): peak = 1343.633 ; gain = 577.875
---------------------------------------------------------------------------------
WARNING: [Synth 8-6901] identifier 'ex_actual_result' is used before its declaration [X:/Entropic_R32-P5_RISC-V_UART/rtl/rv32i_core.v:200]
WARNING: [Synth 8-6901] identifier 'ex_mem_actual_result' is used before its declaration [X:/Entropic_R32-P5_RISC-V_UART/rtl/rv32i_core.v:201]
WARNING: [Synth 8-6901] identifier 'ex_actual_result' is used before its declaration [X:/Entropic_R32-P5_RISC-V_UART/rtl/rv32i_core.v:214]
WARNING: [Synth 8-6901] identifier 'ex_mem_actual_result' is used before its declaration [X:/Entropic_R32-P5_RISC-V_UART/rtl/rv32i_core.v:215]
WARNING: [Synth 8-6901] identifier 'jalr_target_full' is used before its declaration [X:/Entropic_R32-P5_RISC-V_UART/rtl/rv32i_core.v:230]
WARNING: [Synth 8-6901] identifier 'pc_branch_target' is used before its declaration [X:/Entropic_R32-P5_RISC-V_UART/rtl/rv32i_core.v:230]
WARNING: [Synth 8-6901] identifier 'take_branch' is used before its declaration [X:/Entropic_R32-P5_RISC-V_UART/rtl/rv32i_core.v:231]
WARNING: [Synth 8-6901] identifier 'ex_mem_actual_result' is used before its declaration [X:/Entropic_R32-P5_RISC-V_UART/rtl/rv32i_core.v:371]
WARNING: [Synth 8-6901] identifier 'ex_mem_actual_result' is used before its declaration [X:/Entropic_R32-P5_RISC-V_UART/rtl/rv32i_core.v:393]
Linter Recording Failure, recording already started!
Linter Recording Failure, recording already started!
Linter Recording Failure, recording already started!
Linter Recording Failure, recording already started!
Linter Recording Failure, recording already started!
INFO: [Synth 8-6157] synthesizing module 'basys3_top' [X:/Entropic_R32-P5_RISC-V_UART/fpga/basys3/basys3_top.v:22]
INFO: [Synth 8-6157] synthesizing module 'BUFG' [X:/AMDDesignTools/2026.1/Vivado/scripts/rt/data/unisim_comp.v:2678]
INFO: [Synth 8-6155] done synthesizing module 'BUFG' (0#1) [X:/AMDDesignTools/2026.1/Vivado/scripts/rt/data/unisim_comp.v:2678]
INFO: [Synth 8-6157] synthesizing module 'soc_top' [X:/Entropic_R32-P5_RISC-V_UART/rtl/soc_top.v:8]
	Parameter INSTR_MEM_FILE bound to: X:/Entropic_R32-P5_RISC-V_UART/fpga/basys3/fpga_prog.hex - type: string 
INFO: [Synth 8-6157] synthesizing module 'uart_tx' [X:/Entropic_R32-P5_RISC-V_UART/rtl/uart_tx.v:18]
	Parameter CLKS_PER_BIT bound to: 434 - type: integer 
INFO: [Synth 8-226] default block is never used [X:/Entropic_R32-P5_RISC-V_UART/rtl/uart_tx.v:52]
INFO: [Synth 8-6155] done synthesizing module 'uart_tx' (0#1) [X:/Entropic_R32-P5_RISC-V_UART/rtl/uart_tx.v:18]
INFO: [Synth 8-6157] synthesizing module 'rv32i_core' [X:/Entropic_R32-P5_RISC-V_UART/rtl/rv32i_core.v:8]
INFO: [Synth 8-6157] synthesizing module 'pc' [X:/Entropic_R32-P5_RISC-V_UART/rtl/pc.v:8]
INFO: [Synth 8-6155] done synthesizing module 'pc' (0#1) [X:/Entropic_R32-P5_RISC-V_UART/rtl/pc.v:8]
INFO: [Synth 8-6157] synthesizing module 'branch_predictor' [X:/Entropic_R32-P5_RISC-V_UART/rtl/branch_predictor.v:9]
INFO: [Synth 8-6155] done synthesizing module 'branch_predictor' (0#1) [X:/Entropic_R32-P5_RISC-V_UART/rtl/branch_predictor.v:9]
INFO: [Synth 8-6157] synthesizing module 'if_id_reg' [X:/Entropic_R32-P5_RISC-V_UART/rtl/if_id_reg.v:8]
INFO: [Synth 8-6155] done synthesizing module 'if_id_reg' (0#1) [X:/Entropic_R32-P5_RISC-V_UART/rtl/if_id_reg.v:8]
INFO: [Synth 8-6157] synthesizing module 'control_unit' [X:/Entropic_R32-P5_RISC-V_UART/rtl/control_unit.v:8]
INFO: [Synth 8-6155] done synthesizing module 'control_unit' (0#1) [X:/Entropic_R32-P5_RISC-V_UART/rtl/control_unit.v:8]
INFO: [Synth 8-6157] synthesizing module 'halt_latch' [X:/Entropic_R32-P5_RISC-V_UART/rtl/halt_latch.v:8]
INFO: [Synth 8-6155] done synthesizing module 'halt_latch' (0#1) [X:/Entropic_R32-P5_RISC-V_UART/rtl/halt_latch.v:8]
INFO: [Synth 8-6157] synthesizing module 'imm_gen' [X:/Entropic_R32-P5_RISC-V_UART/rtl/imm_gen.v:8]
INFO: [Synth 8-6155] done synthesizing module 'imm_gen' (0#1) [X:/Entropic_R32-P5_RISC-V_UART/rtl/imm_gen.v:8]
INFO: [Synth 8-6157] synthesizing module 'reg_file' [X:/Entropic_R32-P5_RISC-V_UART/rtl/reg_file.v:8]
INFO: [Synth 8-6155] done synthesizing module 'reg_file' (0#1) [X:/Entropic_R32-P5_RISC-V_UART/rtl/reg_file.v:8]
INFO: [Synth 8-6157] synthesizing module 'id_forwarding_unit' [X:/Entropic_R32-P5_RISC-V_UART/rtl/id_forwarding_unit.v:11]
INFO: [Synth 8-6155] done synthesizing module 'id_forwarding_unit' (0#1) [X:/Entropic_R32-P5_RISC-V_UART/rtl/id_forwarding_unit.v:11]
INFO: [Synth 8-6157] synthesizing module 'branch_comp' [X:/Entropic_R32-P5_RISC-V_UART/rtl/branch_comp.v:8]
INFO: [Synth 8-6155] done synthesizing module 'branch_comp' (0#1) [X:/Entropic_R32-P5_RISC-V_UART/rtl/branch_comp.v:8]
INFO: [Synth 8-6157] synthesizing module 'id_ex_reg' [X:/Entropic_R32-P5_RISC-V_UART/rtl/id_ex_reg.v:8]
INFO: [Synth 8-6155] done synthesizing module 'id_ex_reg' (0#1) [X:/Entropic_R32-P5_RISC-V_UART/rtl/id_ex_reg.v:8]
INFO: [Synth 8-6157] synthesizing module 'hazard_unit' [X:/Entropic_R32-P5_RISC-V_UART/rtl/hazard_unit.v:9]
INFO: [Synth 8-6155] done synthesizing module 'hazard_unit' (0#1) [X:/Entropic_R32-P5_RISC-V_UART/rtl/hazard_unit.v:9]
INFO: [Synth 8-6157] synthesizing module 'forwarding_unit' [X:/Entropic_R32-P5_RISC-V_UART/rtl/forwarding_unit.v:8]
INFO: [Synth 8-6155] done synthesizing module 'forwarding_unit' (0#1) [X:/Entropic_R32-P5_RISC-V_UART/rtl/forwarding_unit.v:8]
INFO: [Synth 8-6157] synthesizing module 'alu_control' [X:/Entropic_R32-P5_RISC-V_UART/rtl/alu_control.v:8]
INFO: [Synth 8-6155] done synthesizing module 'alu_control' (0#1) [X:/Entropic_R32-P5_RISC-V_UART/rtl/alu_control.v:8]
INFO: [Synth 8-6157] synthesizing module 'alu' [X:/Entropic_R32-P5_RISC-V_UART/rtl/alu.v:8]
INFO: [Synth 8-6155] done synthesizing module 'alu' (0#1) [X:/Entropic_R32-P5_RISC-V_UART/rtl/alu.v:8]
INFO: [Synth 8-6157] synthesizing module 'ex_mem_reg' [X:/Entropic_R32-P5_RISC-V_UART/rtl/ex_mem_reg.v:9]
INFO: [Synth 8-6155] done synthesizing module 'ex_mem_reg' (0#1) [X:/Entropic_R32-P5_RISC-V_UART/rtl/ex_mem_reg.v:9]
INFO: [Synth 8-6157] synthesizing module 'mem_forwarding_unit' [X:/Entropic_R32-P5_RISC-V_UART/rtl/mem_forwarding_unit.v:11]
INFO: [Synth 8-6155] done synthesizing module 'mem_forwarding_unit' (0#1) [X:/Entropic_R32-P5_RISC-V_UART/rtl/mem_forwarding_unit.v:11]
INFO: [Synth 8-6157] synthesizing module 'load_filter' [X:/Entropic_R32-P5_RISC-V_UART/rtl/load_filter.v:9]
INFO: [Synth 8-6155] done synthesizing module 'load_filter' (0#1) [X:/Entropic_R32-P5_RISC-V_UART/rtl/load_filter.v:9]
INFO: [Synth 8-6157] synthesizing module 'store_mask' [X:/Entropic_R32-P5_RISC-V_UART/rtl/store_mask.v:9]
INFO: [Synth 8-6155] done synthesizing module 'store_mask' (0#1) [X:/Entropic_R32-P5_RISC-V_UART/rtl/store_mask.v:9]
INFO: [Synth 8-6157] synthesizing module 'mem_wb_reg' [X:/Entropic_R32-P5_RISC-V_UART/rtl/mem_wb_reg.v:9]
INFO: [Synth 8-6155] done synthesizing module 'mem_wb_reg' (0#1) [X:/Entropic_R32-P5_RISC-V_UART/rtl/mem_wb_reg.v:9]
INFO: [Synth 8-6155] done synthesizing module 'rv32i_core' (0#1) [X:/Entropic_R32-P5_RISC-V_UART/rtl/rv32i_core.v:8]
INFO: [Synth 8-6157] synthesizing module 'instruction_mem' [X:/Entropic_R32-P5_RISC-V_UART/rtl/instruction_mem.v:9]
	Parameter INIT_FILE bound to: X:/Entropic_R32-P5_RISC-V_UART/fpga/basys3/fpga_prog.hex - type: string 
INFO: [Synth 8-3876] $readmem data file 'X:/Entropic_R32-P5_RISC-V_UART/fpga/basys3/fpga_prog.hex' is read successfully [X:/Entropic_R32-P5_RISC-V_UART/rtl/instruction_mem.v:21]
INFO: [Synth 8-6155] done synthesizing module 'instruction_mem' (0#1) [X:/Entropic_R32-P5_RISC-V_UART/rtl/instruction_mem.v:9]
INFO: [Synth 8-6157] synthesizing module 'data_mem' [X:/Entropic_R32-P5_RISC-V_UART/rtl/data_mem.v:10]
INFO: [Synth 8-6155] done synthesizing module 'data_mem' (0#1) [X:/Entropic_R32-P5_RISC-V_UART/rtl/data_mem.v:10]
INFO: [Synth 8-6155] done synthesizing module 'soc_top' (0#1) [X:/Entropic_R32-P5_RISC-V_UART/rtl/soc_top.v:8]
INFO: [Synth 8-6155] done synthesizing module 'basys3_top' (0#1) [X:/Entropic_R32-P5_RISC-V_UART/fpga/basys3/basys3_top.v:22]
WARNING: [Synth 8-3936] Found unconnected internal register 'shifted_data_reg' and it is trimmed from '32' to '16' bits. [X:/Entropic_R32-P5_RISC-V_UART/rtl/load_filter.v:21]
WARNING: [Synth 8-3917] design basys3_top has port led[14] driven by constant 0
WARNING: [Synth 8-3917] design basys3_top has port led[13] driven by constant 0
WARNING: [Synth 8-3917] design basys3_top has port led[12] driven by constant 0
WARNING: [Synth 8-3917] design basys3_top has port led[11] driven by constant 0
WARNING: [Synth 8-3917] design basys3_top has port led[10] driven by constant 0
WARNING: [Synth 8-3917] design basys3_top has port led[9] driven by constant 0
WARNING: [Synth 8-3917] design basys3_top has port led[8] driven by constant 0
WARNING: [Synth 8-7129] Port read_address[1] in module data_mem is either unconnected or has no load
WARNING: [Synth 8-7129] Port read_address[0] in module data_mem is either unconnected or has no load
WARNING: [Synth 8-7129] Port write_address[1] in module data_mem is either unconnected or has no load
WARNING: [Synth 8-7129] Port write_address[0] in module data_mem is either unconnected or has no load
WARNING: [Synth 8-7129] Port address[1] in module instruction_mem is either unconnected or has no load
WARNING: [Synth 8-7129] Port address[0] in module instruction_mem is either unconnected or has no load
WARNING: [Synth 8-7129] Port fetch_pc[1] in module branch_predictor is either unconnected or has no load
WARNING: [Synth 8-7129] Port fetch_pc[0] in module branch_predictor is either unconnected or has no load
WARNING: [Synth 8-7129] Port update_pc[1] in module branch_predictor is either unconnected or has no load
WARNING: [Synth 8-7129] Port update_pc[0] in module branch_predictor is either unconnected or has no load
---------------------------------------------------------------------------------
Finished RTL Elaboration : Time (s): cpu = 00:00:05 ; elapsed = 00:00:06 . Memory (MB): peak = 1479.004 ; gain = 713.246
---------------------------------------------------------------------------------
---------------------------------------------------------------------------------
Start Handling Custom Attributes
---------------------------------------------------------------------------------
---------------------------------------------------------------------------------
Finished Handling Custom Attributes : Time (s): cpu = 00:00:05 ; elapsed = 00:00:06 . Memory (MB): peak = 1479.004 ; gain = 713.246
---------------------------------------------------------------------------------
---------------------------------------------------------------------------------
Finished RTL Optimization Phase 1 : Time (s): cpu = 00:00:05 ; elapsed = 00:00:06 . Memory (MB): peak = 1479.004 ; gain = 713.246
---------------------------------------------------------------------------------
Netlist sorting complete. Time (s): cpu = 00:00:00 ; elapsed = 00:00:00.051 . Memory (MB): peak = 1479.004 ; gain = 0.000
INFO: [Project 1-570] Preparing netlist for logic optimization

Processing XDC Constraints
Initializing timing engine
Parsing XDC File [X:/Entropic_R32-P5_RISC-V_UART/fpga/basys3/basys3.xdc]
Finished Parsing XDC File [X:/Entropic_R32-P5_RISC-V_UART/fpga/basys3/basys3.xdc]
INFO: [Project 1-236] Implementation specific constraints were found while reading constraint file [X:/Entropic_R32-P5_RISC-V_UART/fpga/basys3/basys3.xdc]. These constraints will be ignored for synthesis but will be used in implementation. Impacted constraints are listed in the file [.Xil/basys3_top_propImpl.xdc].
Resolution: To avoid this warning, move constraints listed in [.Xil/basys3_top_propImpl.xdc] to another XDC file and exclude this new file from synthesis with the used_in_synthesis property (File Properties dialog in GUI) and re-run elaboration/synthesis.
Completed Processing XDC Constraints

Netlist sorting complete. Time (s): cpu = 00:00:00 ; elapsed = 00:00:00.002 . Memory (MB): peak = 1544.043 ; gain = 0.000
INFO: [Project 1-111] Unisim Transformation Summary:
No Unisim elements were transformed.

Constraint Validation Runtime : Time (s): cpu = 00:00:00 ; elapsed = 00:00:00.062 . Memory (MB): peak = 1545.789 ; gain = 0.000
---------------------------------------------------------------------------------
Finished Constraint Validation : Time (s): cpu = 00:00:13 ; elapsed = 00:00:14 . Memory (MB): peak = 1545.789 ; gain = 780.031
---------------------------------------------------------------------------------
---------------------------------------------------------------------------------
Start Loading Part and Timing Information
---------------------------------------------------------------------------------
Loading part: xc7a35tcpg236-1
---------------------------------------------------------------------------------
Finished Loading Part and Timing Information : Time (s): cpu = 00:00:13 ; elapsed = 00:00:14 . Memory (MB): peak = 1545.789 ; gain = 780.031
---------------------------------------------------------------------------------
---------------------------------------------------------------------------------
Start Applying 'set_property' XDC Constraints
---------------------------------------------------------------------------------
---------------------------------------------------------------------------------
Finished applying 'set_property' XDC Constraints : Time (s): cpu = 00:00:13 ; elapsed = 00:00:14 . Memory (MB): peak = 1545.789 ; gain = 780.031
---------------------------------------------------------------------------------
INFO: [Synth 8-802] inferred FSM for state register 'state_reg' in module 'uart_tx'
---------------------------------------------------------------------------------------------------
                   State |                     New Encoding |                Previous Encoding 
---------------------------------------------------------------------------------------------------
                    IDLE |                               00 |                               00
                   START |                               01 |                               01
                    DATA |                               10 |                               10
                    STOP |                               11 |                               11
---------------------------------------------------------------------------------------------------
INFO: [Synth 8-3354] encoded FSM with state register 'state_reg' using encoding 'sequential' in module 'uart_tx'
---------------------------------------------------------------------------------
Finished RTL Optimization Phase 2 : Time (s): cpu = 00:00:13 ; elapsed = 00:00:15 . Memory (MB): peak = 1545.789 ; gain = 780.031
---------------------------------------------------------------------------------
---------------------------------------------------------------------------------
Start RTL Component Statistics 
---------------------------------------------------------------------------------
Detailed RTL Component Info : 
+---Adders : 
	   2 Input   32 Bit       Adders := 4     
	   3 Input   32 Bit       Adders := 1     
	   2 Input   16 Bit       Adders := 1     
	   2 Input    3 Bit       Adders := 1     
	   2 Input    2 Bit       Adders := 2     
+---XORs : 
	   2 Input     32 Bit         XORs := 1     
+---Registers : 
	             2048 Bit    Registers := 1     
	             1536 Bit    Registers := 1     
	              128 Bit    Registers := 1     
	               64 Bit    Registers := 1     
	               32 Bit    Registers := 51    
	               16 Bit    Registers := 1     
	                8 Bit    Registers := 1     
	                5 Bit    Registers := 6     
	                3 Bit    Registers := 4     
	                2 Bit    Registers := 5     
	                1 Bit    Registers := 20    
+---RAMs : 
	              32K Bit	(1024 X 32 bit)          RAMs := 1     
+---Muxes : 
	   2 Input 2048 Bit        Muxes := 1     
	   2 Input 1536 Bit        Muxes := 1     
	   2 Input  128 Bit        Muxes := 1     
	   2 Input   64 Bit        Muxes := 1     
	   2 Input   32 Bit        Muxes := 42    
	   4 Input   32 Bit        Muxes := 5     
	   4 Input   16 Bit        Muxes := 1     
	   4 Input    8 Bit        Muxes := 1     
	   2 Input    8 Bit        Muxes := 6     
	   2 Input    5 Bit        Muxes := 3     
	   2 Input    4 Bit        Muxes := 5     
	   9 Input    4 Bit        Muxes := 1     
	   4 Input    4 Bit        Muxes := 1     
	   2 Input    3 Bit        Muxes := 3     
	   4 Input    3 Bit        Muxes := 1     
	   4 Input    2 Bit        Muxes := 1     
	   2 Input    2 Bit        Muxes := 12    
	   3 Input    2 Bit        Muxes := 1     
	   2 Input    1 Bit        Muxes := 36    
	   4 Input    1 Bit        Muxes := 6     
---------------------------------------------------------------------------------
Finished RTL Component Statistics 
---------------------------------------------------------------------------------
---------------------------------------------------------------------------------
Start Part Resource Summary
---------------------------------------------------------------------------------
Part Resources:
DSPs: 90 (col length:60)
BRAMs: 100 (col length: RAMB18 60 RAMB36 30)
---------------------------------------------------------------------------------
Finished Part Resource Summary
---------------------------------------------------------------------------------
---------------------------------------------------------------------------------
Start Cross Boundary and Area Optimization
---------------------------------------------------------------------------------
WARNING: [Synth 8-3917] design basys3_top has port led[14] driven by constant 0
WARNING: [Synth 8-3917] design basys3_top has port led[13] driven by constant 0
WARNING: [Synth 8-3917] design basys3_top has port led[12] driven by constant 0
WARNING: [Synth 8-3917] design basys3_top has port led[11] driven by constant 0
WARNING: [Synth 8-3917] design basys3_top has port led[10] driven by constant 0
WARNING: [Synth 8-3917] design basys3_top has port led[9] driven by constant 0
WARNING: [Synth 8-3917] design basys3_top has port led[8] driven by constant 0
WARNING: [Synth 8-7129] Port fetch_pc[1] in module branch_predictor is either unconnected or has no load
WARNING: [Synth 8-7129] Port fetch_pc[0] in module branch_predictor is either unconnected or has no load
WARNING: [Synth 8-7129] Port update_pc[1] in module branch_predictor is either unconnected or has no load
WARNING: [Synth 8-7129] Port update_pc[0] in module branch_predictor is either unconnected or has no load
---------------------------------------------------------------------------------
Finished Cross Boundary and Area Optimization : Time (s): cpu = 00:03:34 ; elapsed = 00:03:44 . Memory (MB): peak = 1753.301 ; gain = 987.543
---------------------------------------------------------------------------------
---------------------------------------------------------------------------------
Start ROM, RAM, DSP, Shift Register and Retiming Reporting
---------------------------------------------------------------------------------

ROM: Preliminary Mapping Report
+----------------+------------+---------------+----------------+
|Module Name     | RTL Object | Depth x Width | Implemented As | 
+----------------+------------+---------------+----------------+
|instruction_mem | rom        | 256x31        | LUT            | 
|basys3_top      | p_0_out    | 256x31        | LUT            | 
+----------------+------------+---------------+----------------+


Distributed RAM: Preliminary Mapping Report (see note below)
+------------+---------------------------+-----------+----------------------+------------------+
|Module Name | RTL Object                | Inference | Size (Depth x Width) | Primitives       | 
+------------+---------------------------+-----------+----------------------+------------------+
|basys3_top  | cpu_soc/ram/mem_array_reg | Implied   | 1 K x 32             | RAM128X1D x 256  | 
+------------+---------------------------+-----------+----------------------+------------------+

Note: The table above is a preliminary report that shows the Distributed RAMs at the current stage of the synthesis flow. Some Distributed RAMs may be reimplemented as non Distributed RAM primitives later in the synthesis flow. Multiple instantiated RAMs are reported only once.
---------------------------------------------------------------------------------
Finished ROM, RAM, DSP, Shift Register and Retiming Reporting
---------------------------------------------------------------------------------
---------------------------------------------------------------------------------
Start Applying XDC Timing Constraints
---------------------------------------------------------------------------------
---------------------------------------------------------------------------------
Finished Applying XDC Timing Constraints : Time (s): cpu = 00:03:38 ; elapsed = 00:03:49 . Memory (MB): peak = 1753.301 ; gain = 987.543
---------------------------------------------------------------------------------
---------------------------------------------------------------------------------
Start Timing Optimization
---------------------------------------------------------------------------------
---------------------------------------------------------------------------------
Finished Timing Optimization : Time (s): cpu = 00:03:44 ; elapsed = 00:03:55 . Memory (MB): peak = 1809.699 ; gain = 1043.941
---------------------------------------------------------------------------------
---------------------------------------------------------------------------------
Start ROM, RAM, DSP, Shift Register and Retiming Reporting
---------------------------------------------------------------------------------

Distributed RAM: Final Mapping Report
+------------+---------------------------+-----------+----------------------+------------------+
|Module Name | RTL Object                | Inference | Size (Depth x Width) | Primitives       | 
+------------+---------------------------+-----------+----------------------+------------------+
|basys3_top  | cpu_soc/ram/mem_array_reg | Implied   | 1 K x 32             | RAM128X1D x 256  | 
+------------+---------------------------+-----------+----------------------+------------------+

---------------------------------------------------------------------------------
Finished ROM, RAM, DSP, Shift Register and Retiming Reporting
---------------------------------------------------------------------------------
---------------------------------------------------------------------------------
Start Technology Mapping
---------------------------------------------------------------------------------
---------------------------------------------------------------------------------
Finished Technology Mapping : Time (s): cpu = 00:03:47 ; elapsed = 00:03:58 . Memory (MB): peak = 1898.137 ; gain = 1132.379
---------------------------------------------------------------------------------
---------------------------------------------------------------------------------
Start IO Insertion
---------------------------------------------------------------------------------
---------------------------------------------------------------------------------
Start Flattening Before IO Insertion
---------------------------------------------------------------------------------
---------------------------------------------------------------------------------
Finished Flattening Before IO Insertion
---------------------------------------------------------------------------------
---------------------------------------------------------------------------------
Start Final Netlist Cleanup
---------------------------------------------------------------------------------
---------------------------------------------------------------------------------
Finished Final Netlist Cleanup
---------------------------------------------------------------------------------
---------------------------------------------------------------------------------
Finished IO Insertion : Time (s): cpu = 00:03:50 ; elapsed = 00:04:01 . Memory (MB): peak = 2052.977 ; gain = 1287.219
---------------------------------------------------------------------------------
---------------------------------------------------------------------------------
Start Renaming Generated Instances
---------------------------------------------------------------------------------
---------------------------------------------------------------------------------
Finished Renaming Generated Instances : Time (s): cpu = 00:03:50 ; elapsed = 00:04:01 . Memory (MB): peak = 2052.977 ; gain = 1287.219
---------------------------------------------------------------------------------
---------------------------------------------------------------------------------
Start Rebuilding User Hierarchy
---------------------------------------------------------------------------------
---------------------------------------------------------------------------------
Finished Rebuilding User Hierarchy : Time (s): cpu = 00:03:51 ; elapsed = 00:04:02 . Memory (MB): peak = 2052.977 ; gain = 1287.219
---------------------------------------------------------------------------------
---------------------------------------------------------------------------------
Start Renaming Generated Ports
---------------------------------------------------------------------------------
---------------------------------------------------------------------------------
Finished Renaming Generated Ports : Time (s): cpu = 00:03:51 ; elapsed = 00:04:02 . Memory (MB): peak = 2052.977 ; gain = 1287.219
---------------------------------------------------------------------------------
---------------------------------------------------------------------------------
Start Handling Custom Attributes
---------------------------------------------------------------------------------
---------------------------------------------------------------------------------
Finished Handling Custom Attributes : Time (s): cpu = 00:03:51 ; elapsed = 00:04:02 . Memory (MB): peak = 2052.977 ; gain = 1287.219
---------------------------------------------------------------------------------
---------------------------------------------------------------------------------
Start Renaming Generated Nets
---------------------------------------------------------------------------------
---------------------------------------------------------------------------------
Finished Renaming Generated Nets : Time (s): cpu = 00:03:52 ; elapsed = 00:04:02 . Memory (MB): peak = 2052.977 ; gain = 1287.219
---------------------------------------------------------------------------------
---------------------------------------------------------------------------------
Start ROM, RAM, DSP, Shift Register and Retiming Reporting
---------------------------------------------------------------------------------

Static Shift Register Report:
+------------+-------------------+--------+-------+--------------+--------------------+-------------------+--------+---------+
|Module Name | RTL Name          | Length | Width | Reset Signal | Pull out first Reg | Pull out last Reg | SRL16E | SRLC32E | 
+------------+-------------------+--------+-------+--------------+--------------------+-------------------+--------+---------+
|basys3_top  | rst_n_sync_reg[2] | 3      | 1     | NO           | NO                 | YES               | 1      | 0       | 
+------------+-------------------+--------+-------+--------------+--------------------+-------------------+--------+---------+

---------------------------------------------------------------------------------
Finished ROM, RAM, DSP, Shift Register and Retiming Reporting
---------------------------------------------------------------------------------
---------------------------------------------------------------------------------
Start Writing Synthesis Report
---------------------------------------------------------------------------------

Report BlackBoxes: 
+-+--------------+----------+
| |BlackBox name |Instances |
+-+--------------+----------+
+-+--------------+----------+

Report Cell Usage: 
+------+----------+------+
|      |Cell      |Count |
+------+----------+------+
|1     |BUFG      |     2|
|2     |CARRY4    |    82|
|3     |LUT1      |    17|
|4     |LUT2      |   411|
|5     |LUT3      |   499|
|6     |LUT4      |   752|
|7     |LUT5      |  1029|
|8     |LUT6      |  3302|
|9     |MUXF7     |  1002|
|10    |MUXF8     |   464|
|11    |RAM128X1D |   256|
|12    |SRL16E    |     1|
|13    |FDCE      |  5416|
|14    |FDPE      |     1|
|15    |FDRE      |    34|
|16    |IBUF      |     2|
|17    |OBUF      |    17|
+------+----------+------+
---------------------------------------------------------------------------------
Finished Writing Synthesis Report : Time (s): cpu = 00:03:52 ; elapsed = 00:04:02 . Memory (MB): peak = 2052.977 ; gain = 1287.219
---------------------------------------------------------------------------------
Synthesis finished with 0 errors, 0 critical warnings and 11 warnings.
Synthesis Optimization Runtime : Time (s): cpu = 00:03:44 ; elapsed = 00:04:00 . Memory (MB): peak = 2052.977 ; gain = 1220.434
Synthesis Optimization Complete : Time (s): cpu = 00:03:52 ; elapsed = 00:04:03 . Memory (MB): peak = 2054.938 ; gain = 1287.219
INFO: [Project 1-571] Translating synthesized netlist
Netlist sorting complete. Time (s): cpu = 00:00:00 ; elapsed = 00:00:00.058 . Memory (MB): peak = 2062.988 ; gain = 0.000
INFO: [Netlist 29-17] Analyzing 1804 Unisim elements for replacement
INFO: [Netlist 29-28] Unisim Transformation completed in 0 CPU seconds
INFO: [Project 1-570] Preparing netlist for logic optimization
Parsing XDC File [X:/Entropic_R32-P5_RISC-V_UART/fpga/basys3/basys3.xdc]
Finished Parsing XDC File [X:/Entropic_R32-P5_RISC-V_UART/fpga/basys3/basys3.xdc]
INFO: [Opt 31-138] Pushed 0 inverter(s) to 0 load pin(s).
Netlist sorting complete. Time (s): cpu = 00:00:00 ; elapsed = 00:00:00.004 . Memory (MB): peak = 2070.711 ; gain = 0.000
INFO: [Project 1-111] Unisim Transformation Summary:
  A total of 256 instances were transformed.
  RAM128X1D => RAM128X1D (MUXF7(x2), RAMD64E(x4)): 256 instances

Synth Design complete | Checksum: a2a44632
INFO: [Common 17-83] Releasing license: Vivado_Synthesis
72 Infos, 38 Warnings, 0 Critical Warnings and 0 Errors encountered.
synth_design completed successfully
synth_design: Time (s): cpu = 00:03:57 ; elapsed = 00:04:09 . Memory (MB): peak = 2070.711 ; gain = 1485.602
# report_utilization -file "$proj_dir/report_utilization_synth.rpt"
# report_timing_summary -file "$proj_dir/report_timing_synth.rpt"
INFO: [Timing 38-35] Done setting XDC timing constraints.
INFO: [Timing 38-91] UpdateTimingParams: Speed grade: -1, Delay Type: min_max.
INFO: [Timing 38-191] Multithreading enabled for timing update using a maximum of 2 CPUs
report_timing_summary: Time (s): cpu = 00:00:07 ; elapsed = 00:00:06 . Memory (MB): peak = 2070.711 ; gain = 0.000
# opt_design
Command: opt_design
Attempting to get a license for feature 'Vivado_Implementation' and/or device 'xc7a35t'
INFO: [Common 17-349] Got license for feature 'Vivado_Implementation' and/or device 'xc7a35t'
Running DRC as a precondition to command opt_design

Starting DRC Task
INFO: [DRC 23-27] Running DRC with 2 threads
INFO: [Project 1-461] DRC finished with 0 Errors
INFO: [Project 1-462] Please refer to the DRC report (report_drc) for more information.

Time (s): cpu = 00:00:01 ; elapsed = 00:00:00.781 . Memory (MB): peak = 2070.711 ; gain = 0.000

Starting Cache Timing Information Task
Ending Cache Timing Information Task | Checksum: 17320954f

Time (s): cpu = 00:00:00 ; elapsed = 00:00:00.004 . Memory (MB): peak = 2070.711 ; gain = 0.000

Starting Logic Optimization Task

Phase 1 Initialization

Phase 1.1 Core Generation And Design Setup
Phase 1.1 Core Generation And Design Setup | Checksum: 17320954f

Time (s): cpu = 00:00:00 ; elapsed = 00:00:00.008 . Memory (MB): peak = 2156.820 ; gain = 0.000

Phase 1.2 Setup Constraints And Sort Netlist
Phase 1.2 Setup Constraints And Sort Netlist | Checksum: 17320954f

Time (s): cpu = 00:00:00 ; elapsed = 00:00:00.016 . Memory (MB): peak = 2156.820 ; gain = 0.000
Phase 1 Initialization | Checksum: 17320954f

Time (s): cpu = 00:00:00 ; elapsed = 00:00:00.018 . Memory (MB): peak = 2156.820 ; gain = 0.000

Phase 2 Timer Update And Timing Data Collection

Phase 2.1 Detect if minReqCache needed
Phase 2.1 Detect if minReqCache needed | Checksum: 17320954f

Time (s): cpu = 00:00:00 ; elapsed = 00:00:00.030 . Memory (MB): peak = 2156.855 ; gain = 0.035

Phase 2.2 Timer Update
Phase 2.2 Timer Update | Checksum: 17320954f

Time (s): cpu = 00:00:00 ; elapsed = 00:00:00.212 . Memory (MB): peak = 2156.855 ; gain = 0.035

Phase 2.3 Timing Data Collection
Phase 2.3 Timing Data Collection | Checksum: 17320954f

Time (s): cpu = 00:00:00 ; elapsed = 00:00:00.220 . Memory (MB): peak = 2156.855 ; gain = 0.035
Phase 2 Timer Update And Timing Data Collection | Checksum: 17320954f

Time (s): cpu = 00:00:00 ; elapsed = 00:00:00.222 . Memory (MB): peak = 2156.855 ; gain = 0.035

Phase 3 Retarget
INFO: [Opt 31-1851] Number of loadless carry chains removed were: 0
INFO: [Opt 31-1834] Total Chains To Be Transformed Were: 0 AND Number of Transformed insts Created are: 0
INFO: [Opt 31-1566] Pulled 10 inverters resulting in an inversion of 40 pins
INFO: [Opt 31-138] Pushed 0 inverter(s) to 0 load pin(s).
INFO: [Opt 31-49] Retargeted 0 cell(s).
Phase 3 Retarget | Checksum: 240f54dc5

Time (s): cpu = 00:00:01 ; elapsed = 00:00:00.352 . Memory (MB): peak = 2156.855 ; gain = 0.035
Retarget | Checksum: 240f54dc5
INFO: [Opt 31-389] Phase Retarget created 0 cells and removed 10 cells

Phase 4 Constant propagation
INFO: [Opt 31-138] Pushed 0 inverter(s) to 0 load pin(s).
Phase 4 Constant propagation | Checksum: 252ffd600

Time (s): cpu = 00:00:01 ; elapsed = 00:00:00.426 . Memory (MB): peak = 2156.855 ; gain = 0.035
Constant propagation | Checksum: 252ffd600
INFO: [Opt 31-389] Phase Constant propagation created 0 cells and removed 0 cells

Phase 5 Sweep
INFO: [Constraints 18-11670] Building netlist checker database with flags, 0x8
Done building netlist checker database: Time (s): cpu = 00:00:00 ; elapsed = 00:00:00.003 . Memory (MB): peak = 2156.855 ; gain = 0.000
Phase 5 Sweep | Checksum: 232fb5fc6

Time (s): cpu = 00:00:01 ; elapsed = 00:00:00.533 . Memory (MB): peak = 2156.855 ; gain = 0.035
Sweep | Checksum: 232fb5fc6
INFO: [Opt 31-389] Phase Sweep created 8 cells and removed 0 cells

Phase 6 BUFG optimization
Phase 6 BUFG optimization | Checksum: 232fb5fc6

Time (s): cpu = 00:00:01 ; elapsed = 00:00:00.619 . Memory (MB): peak = 2156.855 ; gain = 0.035
BUFG optimization | Checksum: 232fb5fc6
INFO: [Opt 31-662] Phase BUFG optimization created 0 cells of which 0 are BUFGs and removed 0 cells.

Phase 7 Shift Register Optimization
INFO: [Opt 31-1064] SRL Remap converted 0 SRLs to 0 registers and converted 0 registers of register chains to 0 SRLs
Phase 7 Shift Register Optimization | Checksum: 232fb5fc6

Time (s): cpu = 00:00:01 ; elapsed = 00:00:00.634 . Memory (MB): peak = 2156.855 ; gain = 0.035
Shift Register Optimization | Checksum: 232fb5fc6
INFO: [Opt 31-389] Phase Shift Register Optimization created 0 cells and removed 0 cells

Phase 8 Post Processing Netlist
Phase 8 Post Processing Netlist | Checksum: 21dc097e3

Time (s): cpu = 00:00:01 ; elapsed = 00:00:00.669 . Memory (MB): peak = 2156.855 ; gain = 0.035
Post Processing Netlist | Checksum: 21dc097e3
INFO: [Opt 31-389] Phase Post Processing Netlist created 0 cells and removed 0 cells

Phase 9 Finalization

Phase 9.1 Finalizing Design Cores and Updating Shapes
Phase 9.1 Finalizing Design Cores and Updating Shapes | Checksum: 2770b2bc7

Time (s): cpu = 00:00:01 ; elapsed = 00:00:00.737 . Memory (MB): peak = 2156.855 ; gain = 0.035

Phase 9.2 Verifying Netlist Connectivity

Starting Connectivity Check Task

Time (s): cpu = 00:00:00 ; elapsed = 00:00:00.025 . Memory (MB): peak = 2156.855 ; gain = 0.000
Phase 9.2 Verifying Netlist Connectivity | Checksum: 2770b2bc7

Time (s): cpu = 00:00:01 ; elapsed = 00:00:00.764 . Memory (MB): peak = 2156.855 ; gain = 0.035
Phase 9 Finalization | Checksum: 2770b2bc7

Time (s): cpu = 00:00:01 ; elapsed = 00:00:00.765 . Memory (MB): peak = 2156.855 ; gain = 0.035
Opt_design Change Summary
=========================


-------------------------------------------------------------------------------------------------------------------------
|  Phase                        |  #Cells created  |  #Cells Removed  |  #Constrained objects preventing optimizations  |
-------------------------------------------------------------------------------------------------------------------------
|  Retarget                     |               0  |              10  |                                              0  |
|  Constant propagation         |               0  |               0  |                                              0  |
|  Sweep                        |               8  |               0  |                                              0  |
|  BUFG optimization            |               0  |               0  |                                              0  |
|  Shift Register Optimization  |               0  |               0  |                                              0  |
|  Post Processing Netlist      |               0  |               0  |                                              0  |
-------------------------------------------------------------------------------------------------------------------------


Ending Logic Optimization Task | Checksum: 2770b2bc7

Time (s): cpu = 00:00:01 ; elapsed = 00:00:00.768 . Memory (MB): peak = 2156.855 ; gain = 0.035

Starting Power Optimization Task
INFO: [Pwropt 34-132] Skipping clock gating for clocks with a period < 2.00 ns.
Ending Power Optimization Task | Checksum: 2770b2bc7

Time (s): cpu = 00:00:00 ; elapsed = 00:00:00.018 . Memory (MB): peak = 2156.855 ; gain = 0.000

Starting Final Cleanup Task
Ending Final Cleanup Task | Checksum: 2770b2bc7

Time (s): cpu = 00:00:00 ; elapsed = 00:00:00.002 . Memory (MB): peak = 2156.855 ; gain = 0.000
Netlist sorting complete. Time (s): cpu = 00:00:00 ; elapsed = 00:00:00.004 . Memory (MB): peak = 2156.855 ; gain = 0.000
INFO: [Common 17-83] Releasing license: Vivado_Implementation
20 Infos, 0 Warnings, 0 Critical Warnings and 0 Errors encountered.
opt_design completed successfully
opt_design: Time (s): cpu = 00:00:05 ; elapsed = 00:00:05 . Memory (MB): peak = 2156.855 ; gain = 86.145
# place_design
Command: place_design
Attempting to get a license for feature 'Vivado_Implementation' and/or device 'xc7a35t'
INFO: [Common 17-349] Got license for feature 'Vivado_Implementation' and/or device 'xc7a35t'
INFO: [Common 17-83] Releasing license: Vivado_Implementation
INFO: [Timing 38-35] Done setting XDC timing constraints.
Running DRC as a precondition to command place_design
INFO: [DRC 23-27] Running DRC with 2 threads
INFO: [Vivado_Tcl 4-198] DRC finished with 0 Errors
INFO: [Vivado_Tcl 4-199] Please refer to the DRC report (report_drc) for more information.
INFO: [Place 30-611] Multithreading enabled for place_design using a maximum of 2 CPUs

Starting Placer Task

Phase 1 Placer Initialization

Phase 1.1 Placer Initialization Netlist Sorting
Netlist sorting complete. Time (s): cpu = 00:00:00 ; elapsed = 00:00:00.005 . Memory (MB): peak = 2156.855 ; gain = 0.000
Phase 1.1 Placer Initialization Netlist Sorting | Checksum: 1b29e07f0

Time (s): cpu = 00:00:00 ; elapsed = 00:00:00.007 . Memory (MB): peak = 2156.855 ; gain = 0.000
Netlist sorting complete. Time (s): cpu = 00:00:00 ; elapsed = 00:00:00.003 . Memory (MB): peak = 2156.855 ; gain = 0.000

Phase 1.2 IO Placement/ Clock Placement/ Build Placer Device
Phase 1.2 IO Placement/ Clock Placement/ Build Placer Device | Checksum: 13ee8cb55

Time (s): cpu = 00:00:01 ; elapsed = 00:00:00.560 . Memory (MB): peak = 2156.855 ; gain = 0.000

Phase 1.3 Build Placer Netlist Model
Phase 1.3 Build Placer Netlist Model | Checksum: 1cf814359

Time (s): cpu = 00:00:04 ; elapsed = 00:00:03 . Memory (MB): peak = 2156.855 ; gain = 0.000

Phase 1.4 Constrain Clocks/Macros
Phase 1.4 Constrain Clocks/Macros | Checksum: 1cf814359

Time (s): cpu = 00:00:04 ; elapsed = 00:00:03 . Memory (MB): peak = 2156.855 ; gain = 0.000
Phase 1 Placer Initialization | Checksum: 1cf814359

Time (s): cpu = 00:00:04 ; elapsed = 00:00:03 . Memory (MB): peak = 2156.855 ; gain = 0.000

Phase 2 Global Placement

Phase 2.1 Floorplanning
Phase 2.1 Floorplanning | Checksum: 1d301debf

Time (s): cpu = 00:00:05 ; elapsed = 00:00:03 . Memory (MB): peak = 2156.855 ; gain = 0.000

Phase 2.2 Update Timing before SLR Path Opt
Phase 2.2 Update Timing before SLR Path Opt | Checksum: 195aaf246

Time (s): cpu = 00:00:07 ; elapsed = 00:00:04 . Memory (MB): peak = 2156.855 ; gain = 0.000

Phase 2.3 Post-Processing in Floorplanning
Phase 2.3 Post-Processing in Floorplanning | Checksum: 195aaf246

Time (s): cpu = 00:00:07 ; elapsed = 00:00:04 . Memory (MB): peak = 2156.855 ; gain = 0.000

Phase 2.4 Global Place Phase1
Phase 2.4 Global Place Phase1 | Checksum: 144267e27

Time (s): cpu = 00:00:15 ; elapsed = 00:00:09 . Memory (MB): peak = 2156.855 ; gain = 0.000

Phase 2.5 Global Place Phase2

Phase 2.5.1 UpdateTiming Before Physical Synthesis
Phase 2.5.1 UpdateTiming Before Physical Synthesis | Checksum: 206ad0739

Time (s): cpu = 00:00:16 ; elapsed = 00:00:10 . Memory (MB): peak = 2156.855 ; gain = 0.000

Phase 2.5.2 Physical Synthesis In Placer
INFO: [Physopt 32-1035] Found 0 LUTNM shape to break, 145 LUT instances to create LUTNM shape
INFO: [Physopt 32-1044] Break lutnm for timing: one critical 0, two critical 0, total 0, new lutff created 0
INFO: [Physopt 32-1138] End 1 Pass. Optimized 59 nets or LUTs. Breaked 0 LUT, combined 59 existing LUTs and moved 0 existing LUT
INFO: [Physopt 32-65] No nets found for high-fanout optimization.
INFO: [Physopt 32-232] Optimized 0 net. Created 0 new instance.
INFO: [Physopt 32-775] End 1 Pass. Optimized 0 net or cell. Created 0 new cell, deleted 0 existing cell and moved 0 existing cell
INFO: [Physopt 32-456] No candidate cells for DSP register optimization found in the design.
INFO: [Physopt 32-775] End 2 Pass. Optimized 0 net or cell. Created 0 new cell, deleted 0 existing cell and moved 0 existing cell
INFO: [Physopt 32-1123] No candidate cells found for Shift Register to Pipeline optimization
INFO: [Physopt 32-775] End 2 Pass. Optimized 0 net or cell. Created 0 new cell, deleted 0 existing cell and moved 0 existing cell
INFO: [Physopt 32-1401] No candidate cells found for Shift Register optimization.
INFO: [Physopt 32-677] No candidate cells for Shift Register optimization found in the design
INFO: [Physopt 32-775] End 1 Pass. Optimized 0 net or cell. Created 0 new cell, deleted 0 existing cell and moved 0 existing cell
INFO: [Physopt 32-526] No candidate cells for BRAM register optimization found in the design
INFO: [Physopt 32-775] End 1 Pass. Optimized 0 net or cell. Created 0 new cell, deleted 0 existing cell and moved 0 existing cell
INFO: [Physopt 32-846] No candidate cells for URAM register optimization found in the design
INFO: [Physopt 32-775] End 1 Pass. Optimized 0 net or cell. Created 0 new cell, deleted 0 existing cell and moved 0 existing cell
INFO: [Physopt 32-846] No candidate cells for URAM register optimization found in the design
INFO: [Physopt 32-775] End 1 Pass. Optimized 0 net or cell. Created 0 new cell, deleted 0 existing cell and moved 0 existing cell
INFO: [Physopt 32-949] No candidate nets found for dynamic/static region interface net replication
INFO: [Physopt 32-775] End 1 Pass. Optimized 0 net or cell. Created 0 new cell, deleted 0 existing cell and moved 0 existing cell
Netlist sorting complete. Time (s): cpu = 00:00:00 ; elapsed = 00:00:00.004 . Memory (MB): peak = 2156.855 ; gain = 0.000

Summary of Physical Synthesis Optimizations
============================================


-----------------------------------------------------------------------------------------------------------------------------------------------------------
|  Optimization                                     |  Added Cells  |  Removed Cells  |  Optimized Cells/Nets  |  Dont Touch  |  Iterations  |  Elapsed   |
-----------------------------------------------------------------------------------------------------------------------------------------------------------
|  LUT Combining                                    |            0  |             59  |                    59  |           0  |           1  |  00:00:00  |
|  Retime                                           |            0  |              0  |                     0  |           0  |           1  |  00:00:00  |
|  Very High Fanout                                 |            0  |              0  |                     0  |           0  |           1  |  00:00:00  |
|  DSP Register                                     |            0  |              0  |                     0  |           0  |           1  |  00:00:00  |
|  Shift Register to Pipeline                       |            0  |              0  |                     0  |           0  |           1  |  00:00:00  |
|  Shift Register                                   |            0  |              0  |                     0  |           0  |           1  |  00:00:00  |
|  BRAM Register                                    |            0  |              0  |                     0  |           0  |           1  |  00:00:00  |
|  URAM Register                                    |            0  |              0  |                     0  |           0  |           1  |  00:00:00  |
|  Dynamic/Static Region Interface Net Replication  |            0  |              0  |                     0  |           0  |           1  |  00:00:00  |
|  Total                                            |            0  |             59  |                    59  |           0  |           9  |  00:00:00  |
-----------------------------------------------------------------------------------------------------------------------------------------------------------


Phase 2.5.2 Physical Synthesis In Placer | Checksum: 1f6b6058b

Time (s): cpu = 00:00:18 ; elapsed = 00:00:11 . Memory (MB): peak = 2156.855 ; gain = 0.000
Phase 2.5 Global Place Phase2 | Checksum: 1bec0d82b

Time (s): cpu = 00:00:19 ; elapsed = 00:00:12 . Memory (MB): peak = 2156.855 ; gain = 0.000
Phase 2 Global Placement | Checksum: 1bec0d82b

Time (s): cpu = 00:00:19 ; elapsed = 00:00:12 . Memory (MB): peak = 2156.855 ; gain = 0.000

Phase 3 Detail Placement

Phase 3.1 Commit Multi Column Macros
Phase 3.1 Commit Multi Column Macros | Checksum: 1c962b061

Time (s): cpu = 00:00:20 ; elapsed = 00:00:13 . Memory (MB): peak = 2156.855 ; gain = 0.000

Phase 3.2 Commit Most Macros & LUTRAMs
Phase 3.2 Commit Most Macros & LUTRAMs | Checksum: 1fc10eb39

Time (s): cpu = 00:00:23 ; elapsed = 00:00:14 . Memory (MB): peak = 2156.855 ; gain = 0.000

Phase 3.3 Area Swap Optimization
Phase 3.3 Area Swap Optimization | Checksum: 205e217ac

Time (s): cpu = 00:00:23 ; elapsed = 00:00:14 . Memory (MB): peak = 2156.855 ; gain = 0.000

Phase 3.4 Pipeline Register Optimization
Phase 3.4 Pipeline Register Optimization | Checksum: 178c7f8b6

Time (s): cpu = 00:00:23 ; elapsed = 00:00:14 . Memory (MB): peak = 2156.855 ; gain = 0.000

Phase 3.5 Fast Optimization
Phase 3.5 Fast Optimization | Checksum: 233ec95c6

Time (s): cpu = 00:00:26 ; elapsed = 00:00:16 . Memory (MB): peak = 2156.855 ; gain = 0.000

Phase 3.6 Small Shape Detail Placement
Phase 3.6 Small Shape Detail Placement | Checksum: ef5c19d2

Time (s): cpu = 00:00:32 ; elapsed = 00:00:22 . Memory (MB): peak = 2156.855 ; gain = 0.000

Phase 3.7 Re-assign LUT pins
Phase 3.7 Re-assign LUT pins | Checksum: 14e587284

Time (s): cpu = 00:00:32 ; elapsed = 00:00:23 . Memory (MB): peak = 2156.855 ; gain = 0.000

Phase 3.8 Pipeline Register Optimization
Phase 3.8 Pipeline Register Optimization | Checksum: 209e75811

Time (s): cpu = 00:00:32 ; elapsed = 00:00:23 . Memory (MB): peak = 2156.855 ; gain = 0.000
Phase 3 Detail Placement | Checksum: 209e75811

Time (s): cpu = 00:00:32 ; elapsed = 00:00:23 . Memory (MB): peak = 2156.855 ; gain = 0.000

Phase 4 Post Placement Optimization and Clean-Up

Phase 4.1 Post Commit Optimization
INFO: [Timing 38-35] Done setting XDC timing constraints.

Phase 4.1.1 Post Placement Optimization
Post Placement Optimization Initialization | Checksum: 20e503f80

Phase 4.1.1.1 BUFG Insertion

Starting Physical Synthesis Task

Phase 1 Physical Synthesis Initialization
INFO: [Physopt 32-721] Multithreading enabled for phys_opt_design using a maximum of 2 CPUs
INFO: [Physopt 32-619] Estimated Timing Summary | WNS=-0.671 | TNS=-41.222 |
Phase 1 Physical Synthesis Initialization | Checksum: 1bba3382a

Time (s): cpu = 00:00:01 ; elapsed = 00:00:00.153 . Memory (MB): peak = 2156.855 ; gain = 0.000
INFO: [Place 46-33] Processed net cpu_soc/cpu/cpu_branch_predictor/rst_n_sync_reg[2], BUFG insertion was skipped due to placement/routing conflicts.
INFO: [Place 46-56] BUFG insertion identified 1 candidate nets. Inserted BUFG: 0, Replicated BUFG Driver: 0, Skipped due to Placement/Routing Conflicts: 1, Skipped due to Timing Degradation: 0, Skipped due to netlist editing failed: 0.
Ending Physical Synthesis Task | Checksum: 1fa5bbcc1

Time (s): cpu = 00:00:01 ; elapsed = 00:00:00.471 . Memory (MB): peak = 2156.855 ; gain = 0.000
Phase 4.1.1.1 BUFG Insertion | Checksum: 20e503f80

Time (s): cpu = 00:00:36 ; elapsed = 00:00:25 . Memory (MB): peak = 2156.855 ; gain = 0.000

Phase 4.1.1.2 Post Placement Timing Optimization
INFO: [Place 30-746] Post Placement Timing Summary WNS=0.646. For the most accurate timing information please run report_timing.
Phase 4.1.1.2 Post Placement Timing Optimization | Checksum: 1cdc0fb56

Time (s): cpu = 00:00:38 ; elapsed = 00:00:27 . Memory (MB): peak = 2156.855 ; gain = 0.000

Time (s): cpu = 00:00:38 ; elapsed = 00:00:27 . Memory (MB): peak = 2156.855 ; gain = 0.000
Phase 4.1 Post Commit Optimization | Checksum: 1cdc0fb56

Time (s): cpu = 00:00:38 ; elapsed = 00:00:27 . Memory (MB): peak = 2156.855 ; gain = 0.000

Phase 4.2 Post Placement Cleanup
Phase 4.2 Post Placement Cleanup | Checksum: 1cdc0fb56

Time (s): cpu = 00:00:39 ; elapsed = 00:00:27 . Memory (MB): peak = 2156.855 ; gain = 0.000

Phase 4.3 Placer Reporting

Phase 4.3.1 Print Estimated Congestion
INFO: [Place 30-612] Post-Placement Estimated Congestion 
 ____________________________________________________
|           | Global Congestion | Short Congestion  |
| Direction | Region Size       | Region Size       |
|___________|___________________|___________________|
|      North|                1x1|                4x4|
|___________|___________________|___________________|
|      South|                1x1|                2x2|
|___________|___________________|___________________|
|       East|                1x1|                2x2|
|___________|___________________|___________________|
|       West|                1x1|                2x2|
|___________|___________________|___________________|

Phase 4.3.1 Print Estimated Congestion | Checksum: 1cdc0fb56

Time (s): cpu = 00:00:39 ; elapsed = 00:00:27 . Memory (MB): peak = 2156.855 ; gain = 0.000
Phase 4.3 Placer Reporting | Checksum: 1cdc0fb56

Time (s): cpu = 00:00:39 ; elapsed = 00:00:27 . Memory (MB): peak = 2156.855 ; gain = 0.000

Phase 4.4 Final Placement Cleanup
Netlist sorting complete. Time (s): cpu = 00:00:00 ; elapsed = 00:00:00.018 . Memory (MB): peak = 2156.855 ; gain = 0.000

Time (s): cpu = 00:00:39 ; elapsed = 00:00:27 . Memory (MB): peak = 2156.855 ; gain = 0.000
Phase 4 Post Placement Optimization and Clean-Up | Checksum: 2284f3894

Time (s): cpu = 00:00:39 ; elapsed = 00:00:28 . Memory (MB): peak = 2156.855 ; gain = 0.000
Ending Placer Task | Checksum: 1bbd8c6d5

Time (s): cpu = 00:00:39 ; elapsed = 00:00:28 . Memory (MB): peak = 2156.855 ; gain = 0.000
35 Infos, 0 Warnings, 0 Critical Warnings and 0 Errors encountered.
place_design completed successfully
place_design: Time (s): cpu = 00:00:41 ; elapsed = 00:00:29 . Memory (MB): peak = 2156.855 ; gain = 0.000
# phys_opt_design
Command: phys_opt_design
Attempting to get a license for feature 'Vivado_Implementation' and/or device 'xc7a35t'
INFO: [Common 17-349] Got license for feature 'Vivado_Implementation' and/or device 'xc7a35t'

Starting Initial Update Timing Task

Time (s): cpu = 00:00:02 ; elapsed = 00:00:01 . Memory (MB): peak = 2156.855 ; gain = 0.000
INFO: [Vivado_Tcl 4-2279] Estimated Timing Summary | WNS= 0.646 | TNS= 0.000 | 
INFO: [Vivado_Tcl 4-383] Design worst setup slack (WNS) is greater than or equal to 0.000 ns. All physical synthesis setup optimizations will be skipped.
INFO: [Vivado_Tcl 4-232] No setup violation found. The netlist was not modified.
INFO: [Common 17-83] Releasing license: Vivado_Implementation
5 Infos, 0 Warnings, 0 Critical Warnings and 0 Errors encountered.
phys_opt_design completed successfully
# route_design
Command: route_design
Attempting to get a license for feature 'Vivado_Implementation' and/or device 'xc7a35t'
INFO: [Common 17-349] Got license for feature 'Vivado_Implementation' and/or device 'xc7a35t'


Starting Routing Task
INFO: [Route 35-254] Multithreading enabled for route_design using a maximum of 2 CPUs

Phase 1 Build RT Design
Checksum: PlaceDB: a1f4bf83 ConstDB: 0 ShapeSum: 7962aafb RouteDB: a0815c57
Post Restoration Checksum: NetGraph: 4b42495f | NumContArr: a896024 | Constraints: c2a8fa9d | Timing: c2a8fa9d
Phase 1 Build RT Design | Checksum: 1db1d9ebd

Time (s): cpu = 00:00:18 ; elapsed = 00:00:15 . Memory (MB): peak = 2156.855 ; gain = 0.000

Phase 2 Router Initialization

Phase 2.1 Fix Topology Constraints
Phase 2.1 Fix Topology Constraints | Checksum: 1db1d9ebd

Time (s): cpu = 00:00:19 ; elapsed = 00:00:16 . Memory (MB): peak = 2156.855 ; gain = 0.000

Phase 2.2 Pre Route Cleanup
Phase 2.2 Pre Route Cleanup | Checksum: 1db1d9ebd

Time (s): cpu = 00:00:19 ; elapsed = 00:00:16 . Memory (MB): peak = 2156.855 ; gain = 0.000
 Number of Nodes with overlaps = 0

Phase 2.3 Update Timing
Phase 2.3 Update Timing | Checksum: 1e8ed3501

Time (s): cpu = 00:00:23 ; elapsed = 00:00:18 . Memory (MB): peak = 2156.855 ; gain = 0.000
INFO: [Route 35-416] Intermediate Timing Summary | WNS=1.288  | TNS=0.000  | WHS=-0.237 | THS=-88.856|


Phase 2.4 Soft Constraint Pins - Fast Budgeting
Phase 2.4 Soft Constraint Pins - Fast Budgeting | Checksum: 267cd5057

Time (s): cpu = 00:00:24 ; elapsed = 00:00:19 . Memory (MB): peak = 2156.855 ; gain = 0.000

Router Utilization Summary
  Global Vertical Routing Utilization    = 0.000159451 %
  Global Horizontal Routing Utilization  = 0.000130141 %
  Routable Net Status*
  *Does not include unroutable nets such as driverless and loadless.
  Run report_route_status for detailed report.
  Number of Failed Nets               = 9579
    (Failed Nets is the sum of unrouted and partially routed nets)
  Number of Unrouted Nets             = 9578
  Number of Partially Routed Nets     = 1
  Number of Node Overlaps             = 0

Phase 2 Router Initialization | Checksum: 2610f645d

Time (s): cpu = 00:00:24 ; elapsed = 00:00:19 . Memory (MB): peak = 2156.855 ; gain = 0.000

Phase 3 Global Routing
Phase 3 Global Routing | Checksum: 2610f645d

Time (s): cpu = 00:00:24 ; elapsed = 00:00:19 . Memory (MB): peak = 2156.855 ; gain = 0.000

Phase 4 Initial Routing

Phase 4.1 Initial Net Routing Pass
Phase 4.1 Initial Net Routing Pass | Checksum: 20dedd899

Time (s): cpu = 00:00:30 ; elapsed = 00:00:24 . Memory (MB): peak = 2156.855 ; gain = 0.000
Phase 4 Initial Routing | Checksum: 20dedd899

Time (s): cpu = 00:00:31 ; elapsed = 00:00:24 . Memory (MB): peak = 2156.855 ; gain = 0.000

Phase 5 Rip-up And Reroute

Phase 5.1 Global Iteration 0
 Number of Nodes with overlaps = 2871
 Number of Nodes with overlaps = 962
 Number of Nodes with overlaps = 507
 Number of Nodes with overlaps = 253
 Number of Nodes with overlaps = 127
 Number of Nodes with overlaps = 51
 Number of Nodes with overlaps = 35
 Number of Nodes with overlaps = 18
 Number of Nodes with overlaps = 7
 Number of Nodes with overlaps = 2
 Number of Nodes with overlaps = 15
 Number of Nodes with overlaps = 2
 Number of Nodes with overlaps = 2
 Number of Nodes with overlaps = 8
 Number of Nodes with overlaps = 2
 Number of Nodes with overlaps = 3
 Number of Nodes with overlaps = 0
INFO: [Route 35-416] Intermediate Timing Summary | WNS=-0.372 | TNS=-32.842| WHS=N/A    | THS=N/A    |

Phase 5.1 Global Iteration 0 | Checksum: 204403db1

Time (s): cpu = 00:00:55 ; elapsed = 00:00:41 . Memory (MB): peak = 2156.855 ; gain = 0.000

Phase 5.2 Global Iteration 1
 Number of Nodes with overlaps = 1021
 Number of Nodes with overlaps = 410
 Number of Nodes with overlaps = 165
 Number of Nodes with overlaps = 89
 Number of Nodes with overlaps = 38
 Number of Nodes with overlaps = 19
 Number of Nodes with overlaps = 18
 Number of Nodes with overlaps = 17
 Number of Nodes with overlaps = 13
 Number of Nodes with overlaps = 7
 Number of Nodes with overlaps = 2
 Number of Nodes with overlaps = 2
 Number of Nodes with overlaps = 0
INFO: [Route 35-416] Intermediate Timing Summary | WNS=0.293  | TNS=0.000  | WHS=N/A    | THS=N/A    |

Phase 5.2 Global Iteration 1 | Checksum: 285072d8c

Time (s): cpu = 00:01:09 ; elapsed = 00:00:51 . Memory (MB): peak = 2156.855 ; gain = 0.000
Phase 5 Rip-up And Reroute | Checksum: 285072d8c

Time (s): cpu = 00:01:09 ; elapsed = 00:00:51 . Memory (MB): peak = 2156.855 ; gain = 0.000

Phase 6 Delay and Skew Optimization

Phase 6.1 Delay CleanUp
Phase 6.1 Delay CleanUp | Checksum: 285072d8c

Time (s): cpu = 00:01:09 ; elapsed = 00:00:51 . Memory (MB): peak = 2156.855 ; gain = 0.000

Phase 6.2 Clock Skew Optimization
Phase 6.2 Clock Skew Optimization | Checksum: 285072d8c

Time (s): cpu = 00:01:09 ; elapsed = 00:00:51 . Memory (MB): peak = 2156.855 ; gain = 0.000
Phase 6 Delay and Skew Optimization | Checksum: 285072d8c

Time (s): cpu = 00:01:09 ; elapsed = 00:00:51 . Memory (MB): peak = 2156.855 ; gain = 0.000

Phase 7 Post Hold Fix

Phase 7.1 Hold Fix Iter
INFO: [Route 35-416] Intermediate Timing Summary | WNS=0.381  | TNS=0.000  | WHS=0.049  | THS=0.000  |

Phase 7.1 Hold Fix Iter | Checksum: 22102e250

Time (s): cpu = 00:01:10 ; elapsed = 00:00:52 . Memory (MB): peak = 2156.855 ; gain = 0.000
Phase 7 Post Hold Fix | Checksum: 22102e250

Time (s): cpu = 00:01:10 ; elapsed = 00:00:52 . Memory (MB): peak = 2156.855 ; gain = 0.000

Phase 8 Route finalize

Router Utilization Summary
  Global Vertical Routing Utilization    = 7.06872 %
  Global Horizontal Routing Utilization  = 8.52564 %
  Routable Net Status*
  *Does not include unroutable nets such as driverless and loadless.
  Run report_route_status for detailed report.
  Number of Failed Nets               = 0
    (Failed Nets is the sum of unrouted and partially routed nets)
  Number of Unrouted Nets             = 0
  Number of Partially Routed Nets     = 0
  Number of Node Overlaps             = 0

Phase 8 Route finalize | Checksum: 22102e250

Time (s): cpu = 00:01:10 ; elapsed = 00:00:52 . Memory (MB): peak = 2156.855 ; gain = 0.000

Phase 9 Verifying routed nets

 Verification completed successfully
Phase 9 Verifying routed nets | Checksum: 22102e250

Time (s): cpu = 00:01:10 ; elapsed = 00:00:52 . Memory (MB): peak = 2156.855 ; gain = 0.000

Phase 10 Depositing Routes
Phase 10 Depositing Routes | Checksum: 1b3267d6a

Time (s): cpu = 00:01:11 ; elapsed = 00:00:53 . Memory (MB): peak = 2156.855 ; gain = 0.000

Phase 11 Post Process Routing
Phase 11 Post Process Routing | Checksum: 1b3267d6a

Time (s): cpu = 00:01:11 ; elapsed = 00:00:53 . Memory (MB): peak = 2156.855 ; gain = 0.000

Phase 12 Post Router Timing
INFO: [Route 35-57] Estimated Timing Summary | WNS=0.381  | TNS=0.000  | WHS=0.049  | THS=0.000  |

INFO: [Route 35-327] The final timing numbers are based on the router estimated timing analysis. For a complete and accurate timing signoff, please run report_timing_summary.
Phase 12 Post Router Timing | Checksum: 1b3267d6a

Time (s): cpu = 00:01:11 ; elapsed = 00:00:53 . Memory (MB): peak = 2156.855 ; gain = 0.000
Total Elapsed time in route_design: 52.819 secs

Phase 13 Post-Route Event Processing
Phase 13 Post-Route Event Processing | Checksum: 167ae6f8c

Time (s): cpu = 00:01:11 ; elapsed = 00:00:53 . Memory (MB): peak = 2156.855 ; gain = 0.000
INFO: [Route 35-16] Router Completed Successfully
Ending Routing Task | Checksum: 167ae6f8c

Time (s): cpu = 00:01:11 ; elapsed = 00:00:53 . Memory (MB): peak = 2156.855 ; gain = 0.000

Routing Is Done.
INFO: [Common 17-83] Releasing license: Vivado_Implementation
10 Infos, 0 Warnings, 0 Critical Warnings and 0 Errors encountered.
route_design completed successfully
route_design: Time (s): cpu = 00:01:11 ; elapsed = 00:00:53 . Memory (MB): peak = 2156.855 ; gain = 0.000
# report_utilization -file "$proj_dir/report_utilization_impl.rpt"
# report_timing_summary -file "$proj_dir/report_timing_route.rpt"
INFO: [Timing 38-91] UpdateTimingParams: Speed grade: -1, Delay Type: min_max.
INFO: [Timing 38-191] Multithreading enabled for timing update using a maximum of 2 CPUs
# write_bitstream -force "$proj_dir/r32p5_basys3.bit"
Command: write_bitstream -force X:/Entropic_R32-P5_RISC-V_UART/fpga/basys3/r32p5_basys3.bit
Attempting to get a license for feature 'Vivado_Implementation' and/or device 'xc7a35t'
INFO: [Common 17-349] Got license for feature 'Vivado_Implementation' and/or device 'xc7a35t'
Running DRC as a precondition to command write_bitstream
INFO: [IP_Flow 19-234] Refreshing IP repositories
INFO: [IP_Flow 19-1704] No user IP repositories specified
INFO: [IP_Flow 19-2313] Loaded Vivado IP repository 'X:/AMDDesignTools/2026.1/Vivado/data/ip'.
INFO: [DRC 23-27] Running DRC with 2 threads
INFO: [Vivado 12-3199] DRC finished with 0 Errors
INFO: [Vivado 12-3200] Please refer to the DRC report (report_drc) for more information.
Integrating Hard IP ELF/MEM with the PDI.
INFO: [Designutils 20-2272] Running write_bitstream with 2 threads.
Initializing bitstream generation complete. Time (s): cpu = 00:00:01 ; elapsed = 00:00:00.761 . Memory (MB): peak = 2156.855 ; gain = 0.000
Loading data files...
Loading site data...
Loading route data...
Processing options...
Creating bitmap...
Creating bitstream...
Writing bitstream X:/Entropic_R32-P5_RISC-V_UART/fpga/basys3/r32p5_basys3.bit...
Generate Bitstream complete. Time (s): cpu = 00:00:11 ; elapsed = 00:00:08 . Memory (MB): peak = 2332.328 ; gain = 175.473
INFO: [Vivado 12-1842] Bitgen Completed Successfully.
INFO: [Common 17-83] Releasing license: Vivado_Implementation
10 Infos, 0 Warnings, 0 Critical Warnings and 0 Errors encountered.
write_bitstream completed successfully
write_bitstream: Time (s): cpu = 00:00:14 ; elapsed = 00:00:26 . Memory (MB): peak = 2332.328 ; gain = 175.473
# puts "=== BUILD COMPLETE ==="
=== BUILD COMPLETE ===
# puts "Bitstream: $proj_dir/r32p5_basys3.bit"
Bitstream: X:/Entropic_R32-P5_RISC-V_UART/fpga/basys3/r32p5_basys3.bit
INFO: [Common 17-206] Exiting Vivado at Sat Sep 12 16:29:56 2026...
