Copyright 1986-2022 Xilinx, Inc. All Rights Reserved. Copyright 2022-2026 Advanced Micro Devices, Inc. All Rights Reserved.
---------------------------------------------------------------------------------------------------------------------------------------------
| Tool Version : Vivado v.2026.1 (win64) Build 6511674 Tue Jun 16 11:02:23 MDT 2026
| Date         : Sat Sep 12 19:04:45 2026
| Host         : AORUS15XE4 running 64-bit major release  (build 9200)
| Command      : report_timing_summary -file X:/Entropic_R32-P5_RISC-V_UART/fpga/basys3/report_timing_life.rpt
| Design       : basys3_top
| Device       : 7a35t-cpg236
| Speed File   : -1  PRODUCTION 1.23 2018-06-13
| Design State : Routed
---------------------------------------------------------------------------------------------------------------------------------------------

Timing Summary Report

------------------------------------------------------------------------------------------------
| Timer Settings
| --------------
------------------------------------------------------------------------------------------------

  Enable Multi Corner Analysis               :  Yes
  Enable Pessimism Removal                   :  Yes
  Pessimism Removal Resolution               :  Nearest Common Node
  Enable Input Delay Default Clock           :  No
  Enable Preset / Clear Arcs                 :  No
  Disable Flight Delays                      :  No
  Ignore I/O Paths                           :  No
  Timing Early Launch at Borrowing Latches   :  No
  Borrow Time for Max Delay Exceptions       :  Yes
  Merge Timing Exceptions                    :  Yes
  Inter-SLR Compensation                     :  Conservative

  Corner  Analyze    Analyze    
  Name    Max Paths  Min Paths  
  ------  ---------  ---------  
  Slow    Yes        Yes        
  Fast    Yes        Yes        


------------------------------------------------------------------------------------------------
| Report Methodology
| ------------------
------------------------------------------------------------------------------------------------

No report available as report_methodology has not been run prior. Run report_methodology on the current design for the summary of methodology violations.



check_timing report

Table of Contents
-----------------
1. checking no_clock (0)
2. checking constant_clock (0)
3. checking pulse_width_clock (0)
4. checking unconstrained_internal_endpoints (0)
5. checking no_input_delay (1)
6. checking no_output_delay (10)
7. checking multiple_clock (0)
8. checking generated_clocks (0)
9. checking loops (0)
10. checking partial_input_delay (0)
11. checking partial_output_delay (0)
12. checking latch_loops (0)

1. checking no_clock (0)
------------------------
 There are 0 register/latch pins with no clock.


2. checking constant_clock (0)
------------------------------
 There are 0 register/latch pins with constant_clock.


3. checking pulse_width_clock (0)
---------------------------------
 There are 0 register/latch pins which need pulse_width check


4. checking unconstrained_internal_endpoints (0)
------------------------------------------------
 There are 0 pins that are not constrained for maximum delay.

 There are 0 pins that are not constrained for maximum delay due to constant clock.


5. checking no_input_delay (1)
------------------------------
 There is 1 input port with no input delay specified. (HIGH)

 There are 0 input ports with no input delay but user has a false path constraint.


6. checking no_output_delay (10)
--------------------------------
 There are 10 ports with no output delay specified. (HIGH)

 There are 0 ports with no output delay but user has a false path constraint

 There are 0 ports with no output delay but with a timing clock defined on it or propagating through it


7. checking multiple_clock (0)
------------------------------
 There are 0 register/latch pins with multiple clocks.


8. checking generated_clocks (0)
--------------------------------
 There are 0 generated clocks that are not connected to a clock source.


9. checking loops (0)
---------------------
 There are 0 combinational loops in the design.


10. checking partial_input_delay (0)
------------------------------------
 There are 0 input ports with partial input delay specified.


11. checking partial_output_delay (0)
-------------------------------------
 There are 0 ports with partial output delay specified.


12. checking latch_loops (0)
----------------------------
 There are 0 combinational latch loops in the design through latch input



------------------------------------------------------------------------------------------------
| Design Timing Summary
| ---------------------
------------------------------------------------------------------------------------------------

    WNS(ns)      TNS(ns)  TNS Failing Endpoints  TNS Total Endpoints      WHS(ns)      THS(ns)  THS Failing Endpoints  THS Total Endpoints     WPWS(ns)     TPWS(ns)  TPWS Failing Endpoints  TPWS Total Endpoints  
    -------      -------  ---------------------  -------------------      -------      -------  ---------------------  -------------------     --------     --------  ----------------------  --------------------  
      0.143        0.000                      0                25147        0.046        0.000                      0                25147        4.500        0.000                       0                  6509  


All user specified timing constraints are met.


------------------------------------------------------------------------------------------------
| Clock Summary
| -------------
------------------------------------------------------------------------------------------------

Clock        Waveform(ns)       Period(ns)      Frequency(MHz)
-----        ------------       ----------      --------------
sys_clk_pin  {0.000 5.000}      10.000          100.000         
  cpu_clk    {0.000 10.000}     20.000          50.000          


------------------------------------------------------------------------------------------------
| Intra Clock Table
| -----------------
------------------------------------------------------------------------------------------------

Clock             WNS(ns)      TNS(ns)  TNS Failing Endpoints  TNS Total Endpoints      WHS(ns)      THS(ns)  THS Failing Endpoints  THS Total Endpoints     WPWS(ns)     TPWS(ns)  TPWS Failing Endpoints  TPWS Total Endpoints  
-----             -------      -------  ---------------------  -------------------      -------      -------  ---------------------  -------------------     --------     --------  ----------------------  --------------------  
sys_clk_pin         8.892        0.000                      0                    1        0.280        0.000                      0                    1        4.500        0.000                       0                     2  
  cpu_clk           0.143        0.000                      0                19697        0.046        0.000                      0                19697        8.750        0.000                       0                  6507  


------------------------------------------------------------------------------------------------
| Inter Clock Table
| -----------------
------------------------------------------------------------------------------------------------

From Clock    To Clock          WNS(ns)      TNS(ns)  TNS Failing Endpoints  TNS Total Endpoints      WHS(ns)      THS(ns)  THS Failing Endpoints  THS Total Endpoints  
----------    --------          -------      -------  ---------------------  -------------------      -------      -------  ---------------------  -------------------  


------------------------------------------------------------------------------------------------
| Other Path Groups Table
| -----------------------
------------------------------------------------------------------------------------------------

Path Group         From Clock         To Clock               WNS(ns)      TNS(ns)  TNS Failing Endpoints  TNS Total Endpoints      WHS(ns)      THS(ns)  THS Failing Endpoints  THS Total Endpoints  
----------         ----------         --------               -------      -------  ---------------------  -------------------      -------      -------  ---------------------  -------------------  
**async_default**  cpu_clk            cpu_clk                  1.849        0.000                      0                 5449        1.033        0.000                      0                 5449  


------------------------------------------------------------------------------------------------
| Timing Details
| --------------
------------------------------------------------------------------------------------------------


---------------------------------------------------------------------------------------------------
From Clock:  sys_clk_pin
  To Clock:  sys_clk_pin

Setup :            0  Failing Endpoints,  Worst Slack        8.892ns,  Total Violation        0.000ns
Hold  :            0  Failing Endpoints,  Worst Slack        0.280ns,  Total Violation        0.000ns
PW    :            0  Failing Endpoints,  Worst Slack        4.500ns,  Total Violation        0.000ns
---------------------------------------------------------------------------------------------------


Max Delay Paths
--------------------------------------------------------------------------------------
Slack (MET) :             8.892ns  (required time - arrival time)
  Source:                 clk_div_reg/C
                            (rising edge-triggered cell FDRE clocked by sys_clk_pin  {rise@0.000ns fall@5.000ns period=10.000ns})
  Destination:            clk_div_reg/D
                            (rising edge-triggered cell FDRE clocked by sys_clk_pin  {rise@0.000ns fall@5.000ns period=10.000ns})
  Path Group:             sys_clk_pin
  Path Type:              Setup (Max at Slow Process Corner)
  Requirement:            10.000ns  (sys_clk_pin rise@10.000ns - sys_clk_pin rise@0.000ns)
  Data Path Delay:        1.102ns  (logic 0.580ns (52.641%)  route 0.522ns (47.359%))
  Logic Levels:           1  (LUT1=1)
  Clock Path Skew:        0.000ns (DCD - SCD + CPR)
    Destination Clock Delay (DCD):    4.786ns = ( 14.786 - 10.000 ) 
    Source Clock Delay      (SCD):    5.086ns
    Clock Pessimism Removal (CPR):    0.300ns
  Clock Uncertainty:      0.035ns  ((TSJ^2 + TIJ^2)^1/2 + DJ) / 2 + PE
    Total System Jitter     (TSJ):    0.071ns
    Total Input Jitter      (TIJ):    0.000ns
    Discrete Jitter          (DJ):    0.000ns
    Phase Error              (PE):    0.000ns

    Location             Delay type                Incr(ns)  Path(ns)    Netlist Resource(s)
  -------------------------------------------------------------------    -------------------
                         (clock sys_clk_pin rise edge)
                                                      0.000     0.000 r  <hidden>
    W5                                                0.000     0.000 r  clk
                         net (fo=0)                   0.000     0.000    clk
    W5                   IBUF (Prop_ibuf_I_O)         1.458     1.458 r  clk_IBUF_inst/O
                         net (fo=1, routed)           1.967     3.425    clk_IBUF
    BUFGCTRL_X0Y1        BUFG (Prop_bufg_I_O)         0.096     3.521 r  clk_IBUF_BUFG_inst/O
                         net (fo=1, routed)           1.565     5.086    clk_IBUF_BUFG
    SLICE_X36Y46         FDRE                                         r  clk_div_reg/C
  -------------------------------------------------------------------    -------------------
    SLICE_X36Y46         FDRE (Prop_fdre_C_Q)         0.456     5.542 f  clk_div_reg/Q
                         net (fo=2, routed)           0.522     6.064    clk_div
    SLICE_X36Y46         LUT1 (Prop_lut1_I0_O)        0.124     6.188 r  clk_div_i_1/O
                         net (fo=1, routed)           0.000     6.188    p_0_in
    SLICE_X36Y46         FDRE                                         r  clk_div_reg/D
  -------------------------------------------------------------------    -------------------

                         (clock sys_clk_pin rise edge)
                                                     10.000    10.000 r  <hidden>
    W5                                                0.000    10.000 r  clk
                         net (fo=0)                   0.000    10.000    clk
    W5                   IBUF (Prop_ibuf_I_O)         1.388    11.388 r  clk_IBUF_inst/O
                         net (fo=1, routed)           1.862    13.250    clk_IBUF
    BUFGCTRL_X0Y1        BUFG (Prop_bufg_I_O)         0.091    13.341 r  clk_IBUF_BUFG_inst/O
                         net (fo=1, routed)           1.445    14.786    clk_IBUF_BUFG
    SLICE_X36Y46         FDRE                                         r  clk_div_reg/C
                         clock pessimism              0.300    15.086    <hidden>
                         clock uncertainty           -0.035    15.051    <hidden>
    SLICE_X36Y46         FDRE (Setup_fdre_C_D)        0.029    15.080    clk_div_reg
  -------------------------------------------------------------------
                         required time                         15.080    <hidden>
                         arrival time                          -6.188    <hidden>
  -------------------------------------------------------------------
                         slack                                  8.892    <hidden>





Min Delay Paths
--------------------------------------------------------------------------------------
Slack (MET) :             0.280ns  (arrival time - required time)
  Source:                 clk_div_reg/C
                            (rising edge-triggered cell FDRE clocked by sys_clk_pin  {rise@0.000ns fall@5.000ns period=10.000ns})
  Destination:            clk_div_reg/D
                            (rising edge-triggered cell FDRE clocked by sys_clk_pin  {rise@0.000ns fall@5.000ns period=10.000ns})
  Path Group:             sys_clk_pin
  Path Type:              Hold (Min at Fast Process Corner)
  Requirement:            0.000ns  (sys_clk_pin rise@0.000ns - sys_clk_pin rise@0.000ns)
  Data Path Delay:        0.371ns  (logic 0.186ns (50.162%)  route 0.185ns (49.838%))
  Logic Levels:           1  (LUT1=1)
  Clock Path Skew:        0.000ns (DCD - SCD - CPR)
    Destination Clock Delay (DCD):    1.959ns
    Source Clock Delay      (SCD):    1.446ns
    Clock Pessimism Removal (CPR):    0.513ns

    Location             Delay type                Incr(ns)  Path(ns)    Netlist Resource(s)
  -------------------------------------------------------------------    -------------------
                         (clock sys_clk_pin rise edge)
                                                      0.000     0.000 r  <hidden>
    W5                                                0.000     0.000 r  clk
                         net (fo=0)                   0.000     0.000    clk
    W5                   IBUF (Prop_ibuf_I_O)         0.226     0.226 r  clk_IBUF_inst/O
                         net (fo=1, routed)           0.631     0.858    clk_IBUF
    BUFGCTRL_X0Y1        BUFG (Prop_bufg_I_O)         0.026     0.884 r  clk_IBUF_BUFG_inst/O
                         net (fo=1, routed)           0.563     1.446    clk_IBUF_BUFG
    SLICE_X36Y46         FDRE                                         r  clk_div_reg/C
  -------------------------------------------------------------------    -------------------
    SLICE_X36Y46         FDRE (Prop_fdre_C_Q)         0.141     1.587 f  clk_div_reg/Q
                         net (fo=2, routed)           0.185     1.772    clk_div
    SLICE_X36Y46         LUT1 (Prop_lut1_I0_O)        0.045     1.817 r  clk_div_i_1/O
                         net (fo=1, routed)           0.000     1.817    p_0_in
    SLICE_X36Y46         FDRE                                         r  clk_div_reg/D
  -------------------------------------------------------------------    -------------------

                         (clock sys_clk_pin rise edge)
                                                      0.000     0.000 r  <hidden>
    W5                                                0.000     0.000 r  clk
                         net (fo=0)                   0.000     0.000    clk
    W5                   IBUF (Prop_ibuf_I_O)         0.414     0.414 r  clk_IBUF_inst/O
                         net (fo=1, routed)           0.685     1.099    clk_IBUF
    BUFGCTRL_X0Y1        BUFG (Prop_bufg_I_O)         0.029     1.128 r  clk_IBUF_BUFG_inst/O
                         net (fo=1, routed)           0.832     1.959    clk_IBUF_BUFG
    SLICE_X36Y46         FDRE                                         r  clk_div_reg/C
                         clock pessimism             -0.513     1.446    <hidden>
    SLICE_X36Y46         FDRE (Hold_fdre_C_D)         0.091     1.537    clk_div_reg
  -------------------------------------------------------------------
                         required time                         -1.537    <hidden>
                         arrival time                           1.817    <hidden>
  -------------------------------------------------------------------
                         slack                                  0.280    <hidden>





Pulse Width Checks
--------------------------------------------------------------------------------------
Clock Name:         sys_clk_pin
Waveform(ns):       { 0.000 5.000 }
Period(ns):         10.000
Sources:            { clk }

Check Type        Corner  Lib Pin  Reference Pin  Required(ns)  Actual(ns)  Slack(ns)  Location       Pin
Min Period        n/a     BUFG/I   n/a            2.155         10.000      7.845      BUFGCTRL_X0Y1  clk_IBUF_BUFG_inst/I
Low Pulse Width   Slow    FDRE/C   n/a            0.500         5.000       4.500      SLICE_X36Y46   clk_div_reg/C
High Pulse Width  Slow    FDRE/C   n/a            0.500         5.000       4.500      SLICE_X36Y46   clk_div_reg/C



---------------------------------------------------------------------------------------------------
From Clock:  cpu_clk
  To Clock:  cpu_clk

Setup :            0  Failing Endpoints,  Worst Slack        0.143ns,  Total Violation        0.000ns
Hold  :            0  Failing Endpoints,  Worst Slack        0.046ns,  Total Violation        0.000ns
PW    :            0  Failing Endpoints,  Worst Slack        8.750ns,  Total Violation        0.000ns
---------------------------------------------------------------------------------------------------


Max Delay Paths
--------------------------------------------------------------------------------------
Slack (MET) :             0.143ns  (required time - arrival time)
  Source:                 cpu_soc/cpu/cpu_ex_mem/mem_read_out_reg/C
                            (rising edge-triggered cell FDCE clocked by cpu_clk  {rise@0.000ns fall@10.000ns period=20.000ns})
  Destination:            cpu_soc/cpu/cpu_if_id/instruction_out_reg[17]/CE
                            (rising edge-triggered cell FDCE clocked by cpu_clk  {rise@0.000ns fall@10.000ns period=20.000ns})
  Path Group:             cpu_clk
  Path Type:              Setup (Max at Slow Process Corner)
  Requirement:            20.000ns  (cpu_clk rise@20.000ns - cpu_clk rise@0.000ns)
  Data Path Delay:        19.437ns  (logic 5.773ns (29.701%)  route 13.664ns (70.299%))
  Logic Levels:           23  (CARRY4=6 LUT2=2 LUT3=5 LUT5=3 LUT6=7)
  Clock Path Skew:        -0.179ns (DCD - SCD + CPR)
    Destination Clock Delay (DCD):    7.332ns = ( 27.332 - 20.000 ) 
    Source Clock Delay      (SCD):    7.994ns
    Clock Pessimism Removal (CPR):    0.483ns
  Clock Uncertainty:      0.035ns  ((TSJ^2 + TIJ^2)^1/2 + DJ) / 2 + PE
    Total System Jitter     (TSJ):    0.071ns
    Total Input Jitter      (TIJ):    0.000ns
    Discrete Jitter          (DJ):    0.000ns
    Phase Error              (PE):    0.000ns

    Location             Delay type                Incr(ns)  Path(ns)    Netlist Resource(s)
  -------------------------------------------------------------------    -------------------
                         (clock cpu_clk rise edge)    0.000     0.000 r  <hidden>
    W5                                                0.000     0.000 r  clk
                         net (fo=0)                   0.000     0.000    clk
    W5                   IBUF (Prop_ibuf_I_O)         1.458     1.458 r  clk_IBUF_inst/O
                         net (fo=1, routed)           1.967     3.425    clk_IBUF
    BUFGCTRL_X0Y1        BUFG (Prop_bufg_I_O)         0.096     3.521 r  clk_IBUF_BUFG_inst/O
                         net (fo=1, routed)           1.565     5.086    clk_IBUF_BUFG
    SLICE_X36Y46         FDRE (Prop_fdre_C_Q)         0.456     5.542 r  clk_div_reg/Q
                         net (fo=2, routed)           0.736     6.278    clk_div
    BUFGCTRL_X0Y0        BUFG (Prop_bufg_I_O)         0.096     6.374 r  bufg_cpu/O
                         net (fo=6507, routed)        1.620     7.994    cpu_soc/cpu/cpu_ex_mem/cpu_clk
    SLICE_X58Y85         FDCE                                         r  cpu_soc/cpu/cpu_ex_mem/mem_read_out_reg/C
  -------------------------------------------------------------------    -------------------
    SLICE_X58Y85         FDCE (Prop_fdce_C_Q)         0.456     8.450 f  cpu_soc/cpu/cpu_ex_mem/mem_read_out_reg/Q
                         net (fo=33, routed)          1.136     9.586    cpu_soc/cpu/cpu_ex_mem/mem_read
    SLICE_X58Y86         LUT6 (Prop_lut6_I0_O)        0.124     9.710 r  cpu_soc/cpu/cpu_ex_mem/filtered_data_out[23]_i_2/O
                         net (fo=3, routed)           0.683    10.393    cpu_soc/cpu/cpu_load_filter/filtered_data_out_reg[31][16]
    SLICE_X57Y86         LUT6 (Prop_lut6_I3_O)        0.124    10.517 r  cpu_soc/cpu/cpu_load_filter/i_/filtered_data_out[31]_i_3/O
                         net (fo=26, routed)          0.983    11.500    cpu_soc/cpu/cpu_load_filter/data1[7]
    SLICE_X57Y87         LUT5 (Prop_lut5_I4_O)        0.152    11.652 r  cpu_soc/cpu/cpu_load_filter/i_/read_data2_out[31]_i_8/O
                         net (fo=16, routed)          0.677    12.329    cpu_soc/cpu/cpu_ex_mem/read_data2_out_reg[16]_0
    SLICE_X57Y89         LUT6 (Prop_lut6_I0_O)        0.326    12.655 r  cpu_soc/cpu/cpu_ex_mem/read_data2_out[30]_i_2__0/O
                         net (fo=3, routed)           0.510    13.164    cpu_soc/cpu/cpu_ex_mem/read_data2_out[30]_i_2__0_n_0
    SLICE_X52Y89         LUT6 (Prop_lut6_I1_O)        0.124    13.288 r  cpu_soc/cpu/cpu_ex_mem/read_data2_out[30]_i_1__0/O
                         net (fo=2, routed)           0.893    14.182    cpu_soc/cpu/cpu_id_ex/alu_result_out[0]_i_16_1[28]
    SLICE_X48Y88         LUT3 (Prop_lut3_I2_O)        0.150    14.332 r  cpu_soc/cpu/cpu_id_ex/read_data[31]_i_27/O
                         net (fo=6, routed)           0.891    15.223    cpu_soc/cpu/cpu_alu/alu_actual_in2[30]
    SLICE_X46Y89         LUT2 (Prop_lut2_I1_O)        0.351    15.574 f  cpu_soc/cpu/cpu_alu/read_data[31]_i_11/O
                         net (fo=3, routed)           0.980    16.554    cpu_soc/cpu/cpu_id_ex/read_data_reg[31]_1
    SLICE_X44Y88         LUT3 (Prop_lut3_I2_O)        0.355    16.909 r  cpu_soc/cpu/cpu_id_ex/alu_result_out[0]_i_22/O
                         net (fo=1, routed)           0.000    16.909    cpu_soc/cpu/cpu_alu/alu_result_out[0]_i_4_1[3]
    SLICE_X44Y88         CARRY4 (Prop_carry4_S[3]_CO[3])
                                                      0.401    17.310 r  cpu_soc/cpu/cpu_alu/alu_result_out_reg[0]_i_8/CO[3]
                         net (fo=1, routed)           0.770    18.080    cpu_soc/cpu/cpu_id_ex/alu_result_out[0]_i_2_0[0]
    SLICE_X40Y86         LUT6 (Prop_lut6_I0_O)        0.124    18.204 r  cpu_soc/cpu/cpu_id_ex/alu_result_out[0]_i_4/O
                         net (fo=1, routed)           0.450    18.654    cpu_soc/cpu/cpu_id_ex/alu_result_out[0]_i_4_n_0
    SLICE_X37Y86         LUT5 (Prop_lut5_I2_O)        0.124    18.778 r  cpu_soc/cpu/cpu_id_ex/alu_result_out[0]_i_2/O
                         net (fo=3, routed)           0.437    19.215    cpu_soc/cpu/cpu_id_ex/alu_result_out[0]_i_2_n_0
    SLICE_X36Y87         LUT5 (Prop_lut5_I3_O)        0.124    19.339 r  cpu_soc/cpu/cpu_id_ex/target_flat[2019]_i_20/O
                         net (fo=9, routed)           0.757    20.095    cpu_soc/cpu/cpu_if_id/branch_comp_1[0]
    SLICE_X34Y91         LUT6 (Prop_lut6_I0_O)        0.124    20.219 r  cpu_soc/cpu/cpu_if_id/target_flat[2019]_i_12/O
                         net (fo=1, routed)           0.000    20.219    cpu_soc/cpu/cpu_if_id/target_flat[2019]_i_12_n_0
    SLICE_X34Y91         CARRY4 (Prop_carry4_S[0]_CO[3])
                                                      0.513    20.732 r  cpu_soc/cpu/cpu_if_id/target_flat_reg[2019]_i_3/CO[3]
                         net (fo=1, routed)           0.000    20.732    cpu_soc/cpu/cpu_if_id/target_flat_reg[2019]_i_3_n_0
    SLICE_X34Y92         CARRY4 (Prop_carry4_CI_O[2])
                                                      0.239    20.971 r  cpu_soc/cpu/cpu_if_id/target_flat_reg[2023]_i_3/O[2]
                         net (fo=2, routed)           0.680    21.651    cpu_soc/cpu/cpu_if_id/jalr_target_full[6]
    SLICE_X33Y93         LUT3 (Prop_lut3_I0_O)        0.329    21.980 r  cpu_soc/cpu/cpu_if_id/target_flat[2022]_i_2/O
                         net (fo=33, routed)          0.819    22.800    cpu_soc/cpu/cpu_if_id/real_target[6]
    SLICE_X33Y97         LUT6 (Prop_lut6_I3_O)        0.332    23.132 r  cpu_soc/cpu/cpu_if_id/pc_out[31]_i_27/O
                         net (fo=1, routed)           0.000    23.132    cpu_soc/cpu/cpu_if_id/pc_out[31]_i_27_n_0
    SLICE_X33Y97         CARRY4 (Prop_carry4_S[2]_CO[3])
                                                      0.398    23.530 r  cpu_soc/cpu/cpu_if_id/pc_out_reg[31]_i_21/CO[3]
                         net (fo=1, routed)           0.000    23.530    cpu_soc/cpu/cpu_if_id/pc_out_reg[31]_i_21_n_0
    SLICE_X33Y98         CARRY4 (Prop_carry4_CI_CO[3])
                                                      0.114    23.644 r  cpu_soc/cpu/cpu_if_id/pc_out_reg[31]_i_15/CO[3]
                         net (fo=1, routed)           0.000    23.644    cpu_soc/cpu/cpu_if_id/pc_out_reg[31]_i_15_n_0
    SLICE_X33Y99         CARRY4 (Prop_carry4_CI_CO[2])
                                                      0.228    23.872 r  cpu_soc/cpu/cpu_if_id/pc_out_reg[31]_i_10/CO[2]
                         net (fo=1, routed)           0.637    24.509    cpu_soc/cpu/cpu_if_id/mispredicted1
    SLICE_X38Y97         LUT3 (Prop_lut3_I1_O)        0.313    24.822 f  cpu_soc/cpu/cpu_if_id/pc_out[31]_i_4/O
                         net (fo=60, routed)          0.511    25.333    cpu_soc/cpu/cpu_if_id/predicted_taken_out_reg_0
    SLICE_X39Y96         LUT3 (Prop_lut3_I1_O)        0.124    25.457 r  cpu_soc/cpu/cpu_if_id/instruction_out[31]_i_3/O
                         net (fo=189, routed)         0.689    26.146    cpu_soc/cpu/cpu_if_id/flush0
    SLICE_X39Y96         LUT2 (Prop_lut2_I0_O)        0.124    26.270 r  cpu_soc/cpu/cpu_if_id/instruction_out[31]_i_1/O
                         net (fo=188, routed)         1.161    27.431    cpu_soc/cpu/cpu_if_id/instruction_out[31]_i_1_n_0
    SLICE_X35Y93         FDCE                                         r  cpu_soc/cpu/cpu_if_id/instruction_out_reg[17]/CE
  -------------------------------------------------------------------    -------------------

                         (clock cpu_clk rise edge)   20.000    20.000 r  <hidden>
    W5                                                0.000    20.000 r  clk
                         net (fo=0)                   0.000    20.000    clk
    W5                   IBUF (Prop_ibuf_I_O)         1.388    21.388 r  clk_IBUF_inst/O
                         net (fo=1, routed)           1.862    23.250    clk_IBUF
    BUFGCTRL_X0Y1        BUFG (Prop_bufg_I_O)         0.091    23.341 r  clk_IBUF_BUFG_inst/O
                         net (fo=1, routed)           1.445    24.786    clk_IBUF_BUFG
    SLICE_X36Y46         FDRE (Prop_fdre_C_Q)         0.367    25.153 r  clk_div_reg/Q
                         net (fo=2, routed)           0.654    25.807    clk_div
    BUFGCTRL_X0Y0        BUFG (Prop_bufg_I_O)         0.091    25.898 r  bufg_cpu/O
                         net (fo=6507, routed)        1.434    27.332    cpu_soc/cpu/cpu_if_id/cpu_clk
    SLICE_X35Y93         FDCE                                         r  cpu_soc/cpu/cpu_if_id/instruction_out_reg[17]/C
                         clock pessimism              0.483    27.815    <hidden>
                         clock uncertainty           -0.035    27.779    <hidden>
    SLICE_X35Y93         FDCE (Setup_fdce_C_CE)      -0.205    27.574    cpu_soc/cpu/cpu_if_id/instruction_out_reg[17]
  -------------------------------------------------------------------
                         required time                         27.574    <hidden>
                         arrival time                         -27.431    <hidden>
  -------------------------------------------------------------------
                         slack                                  0.143    <hidden>





Min Delay Paths
--------------------------------------------------------------------------------------
Slack (MET) :             0.046ns  (arrival time - required time)
  Source:                 cpu_soc/cpu/cpu_id_ex/rs2_addr_out_reg[2]/C
                            (rising edge-triggered cell FDCE clocked by cpu_clk  {rise@0.000ns fall@10.000ns period=20.000ns})
  Destination:            cpu_soc/cpu/cpu_ex_mem/rs2_addr_out_reg[2]/D
                            (rising edge-triggered cell FDCE clocked by cpu_clk  {rise@0.000ns fall@10.000ns period=20.000ns})
  Path Group:             cpu_clk
  Path Type:              Hold (Min at Fast Process Corner)
  Requirement:            0.000ns  (cpu_clk rise@0.000ns - cpu_clk rise@0.000ns)
  Data Path Delay:        0.377ns  (logic 0.141ns (37.438%)  route 0.236ns (62.562%))
  Logic Levels:           0  
  Clock Path Skew:        0.261ns (DCD - SCD - CPR)
    Destination Clock Delay (DCD):    3.295ns
    Source Clock Delay      (SCD):    2.446ns
    Clock Pessimism Removal (CPR):    0.588ns

    Location             Delay type                Incr(ns)  Path(ns)    Netlist Resource(s)
  -------------------------------------------------------------------    -------------------
                         (clock cpu_clk rise edge)    0.000     0.000 r  <hidden>
    W5                                                0.000     0.000 r  clk
                         net (fo=0)                   0.000     0.000    clk
    W5                   IBUF (Prop_ibuf_I_O)         0.226     0.226 r  clk_IBUF_inst/O
                         net (fo=1, routed)           0.631     0.858    clk_IBUF
    BUFGCTRL_X0Y1        BUFG (Prop_bufg_I_O)         0.026     0.884 r  clk_IBUF_BUFG_inst/O
                         net (fo=1, routed)           0.563     1.446    clk_IBUF_BUFG
    SLICE_X36Y46         FDRE (Prop_fdre_C_Q)         0.141     1.587 r  clk_div_reg/Q
                         net (fo=2, routed)           0.282     1.869    clk_div
    BUFGCTRL_X0Y0        BUFG (Prop_bufg_I_O)         0.026     1.895 r  bufg_cpu/O
                         net (fo=6507, routed)        0.552     2.446    cpu_soc/cpu/cpu_id_ex/cpu_clk
    SLICE_X39Y79         FDCE                                         r  cpu_soc/cpu/cpu_id_ex/rs2_addr_out_reg[2]/C
  -------------------------------------------------------------------    -------------------
    SLICE_X39Y79         FDCE (Prop_fdce_C_Q)         0.141     2.587 r  cpu_soc/cpu/cpu_id_ex/rs2_addr_out_reg[2]/Q
                         net (fo=3, routed)           0.236     2.823    cpu_soc/cpu/cpu_ex_mem/rs2_addr_out_reg[4]_1[2]
    SLICE_X33Y78         FDCE                                         r  cpu_soc/cpu/cpu_ex_mem/rs2_addr_out_reg[2]/D
  -------------------------------------------------------------------    -------------------

                         (clock cpu_clk rise edge)    0.000     0.000 r  <hidden>
    W5                                                0.000     0.000 r  clk
                         net (fo=0)                   0.000     0.000    clk
    W5                   IBUF (Prop_ibuf_I_O)         0.414     0.414 r  clk_IBUF_inst/O
                         net (fo=1, routed)           0.685     1.099    clk_IBUF
    BUFGCTRL_X0Y1        BUFG (Prop_bufg_I_O)         0.029     1.128 r  clk_IBUF_BUFG_inst/O
                         net (fo=1, routed)           0.832     1.959    clk_IBUF_BUFG
    SLICE_X36Y46         FDRE (Prop_fdre_C_Q)         0.175     2.134 r  clk_div_reg/Q
                         net (fo=2, routed)           0.315     2.449    clk_div
    BUFGCTRL_X0Y0        BUFG (Prop_bufg_I_O)         0.029     2.478 r  bufg_cpu/O
                         net (fo=6507, routed)        0.817     3.295    cpu_soc/cpu/cpu_ex_mem/cpu_clk
    SLICE_X33Y78         FDCE                                         r  cpu_soc/cpu/cpu_ex_mem/rs2_addr_out_reg[2]/C
                         clock pessimism             -0.588     2.707    <hidden>
    SLICE_X33Y78         FDCE (Hold_fdce_C_D)         0.070     2.777    cpu_soc/cpu/cpu_ex_mem/rs2_addr_out_reg[2]
  -------------------------------------------------------------------
                         required time                         -2.777    <hidden>
                         arrival time                           2.823    <hidden>
  -------------------------------------------------------------------
                         slack                                  0.046    <hidden>





Pulse Width Checks
--------------------------------------------------------------------------------------
Clock Name:         cpu_clk
Waveform(ns):       { 0.000 10.000 }
Period(ns):         20.000
Sources:            { bufg_cpu/O }

Check Type        Corner  Lib Pin      Reference Pin  Required(ns)  Actual(ns)  Slack(ns)  Location      Pin
Min Period        n/a     FDCE/C       n/a            1.000         20.000      19.000     SLICE_X0Y18   rst_sync_reg[0]/C
Low Pulse Width   Slow    RAMD64E/CLK  n/a            1.250         10.000      8.750      SLICE_X30Y74  cpu_soc/ram/mem_array_reg_0_127_0_0/DP.HIGH/CLK
High Pulse Width  Slow    RAMD64E/CLK  n/a            1.250         10.000      8.750      SLICE_X30Y74  cpu_soc/ram/mem_array_reg_0_127_0_0/DP.HIGH/CLK



---------------------------------------------------------------------------------------------------
Path Group:  **async_default**
From Clock:  cpu_clk
  To Clock:  cpu_clk

Setup :            0  Failing Endpoints,  Worst Slack        1.849ns,  Total Violation        0.000ns
Hold  :            0  Failing Endpoints,  Worst Slack        1.033ns,  Total Violation        0.000ns
---------------------------------------------------------------------------------------------------


Max Delay Paths
--------------------------------------------------------------------------------------
Slack (MET) :             1.849ns  (required time - arrival time)
  Source:                 rst_sync_reg[1]/C
                            (rising edge-triggered cell FDCE clocked by cpu_clk  {rise@0.000ns fall@10.000ns period=20.000ns})
  Destination:            cpu_soc/cpu/cpu_id_ex/read_data2_out_reg[18]/CLR
                            (recovery check against rising-edge clock cpu_clk  {rise@0.000ns fall@10.000ns period=20.000ns})
  Path Group:             **async_default**
  Path Type:              Recovery (Max at Slow Process Corner)
  Requirement:            20.000ns  (cpu_clk rise@20.000ns - cpu_clk rise@0.000ns)
  Data Path Delay:        17.519ns  (logic 0.580ns (3.311%)  route 16.939ns (96.689%))
  Logic Levels:           1  (LUT1=1)
  Clock Path Skew:        -0.192ns (DCD - SCD + CPR)
    Destination Clock Delay (DCD):    7.334ns = ( 27.334 - 20.000 ) 
    Source Clock Delay      (SCD):    8.001ns
    Clock Pessimism Removal (CPR):    0.476ns
  Clock Uncertainty:      0.035ns  ((TSJ^2 + TIJ^2)^1/2 + DJ) / 2 + PE
    Total System Jitter     (TSJ):    0.071ns
    Total Input Jitter      (TIJ):    0.000ns
    Discrete Jitter          (DJ):    0.000ns
    Phase Error              (PE):    0.000ns

    Location             Delay type                Incr(ns)  Path(ns)    Netlist Resource(s)
  -------------------------------------------------------------------    -------------------
                         (clock cpu_clk rise edge)    0.000     0.000 r  <hidden>
    W5                                                0.000     0.000 r  clk
                         net (fo=0)                   0.000     0.000    clk
    W5                   IBUF (Prop_ibuf_I_O)         1.458     1.458 r  clk_IBUF_inst/O
                         net (fo=1, routed)           1.967     3.425    clk_IBUF
    BUFGCTRL_X0Y1        BUFG (Prop_bufg_I_O)         0.096     3.521 r  clk_IBUF_BUFG_inst/O
                         net (fo=1, routed)           1.565     5.086    clk_IBUF_BUFG
    SLICE_X36Y46         FDRE (Prop_fdre_C_Q)         0.456     5.542 r  clk_div_reg/Q
                         net (fo=2, routed)           0.736     6.278    clk_div
    BUFGCTRL_X0Y0        BUFG (Prop_bufg_I_O)         0.096     6.374 r  bufg_cpu/O
                         net (fo=6507, routed)        1.627     8.001    cpu_clk
    SLICE_X0Y18          FDCE                                         r  rst_sync_reg[1]/C
  -------------------------------------------------------------------    -------------------
    SLICE_X0Y18          FDCE (Prop_fdce_C_Q)         0.456     8.457 r  rst_sync_reg[1]/Q
                         net (fo=1, routed)           0.418     8.875    cpu_soc/cpu/cpu_branch_predictor/Q[0]
    SLICE_X0Y19          LUT1 (Prop_lut1_I0_O)        0.124     8.999 f  cpu_soc/cpu/cpu_branch_predictor/i_/O
                         net (fo=5449, routed)       16.521    25.520    cpu_soc/cpu/cpu_id_ex/func7_out_reg_0
    SLICE_X55Y84         FDCE                                         f  cpu_soc/cpu/cpu_id_ex/read_data2_out_reg[18]/CLR
  -------------------------------------------------------------------    -------------------

                         (clock cpu_clk rise edge)   20.000    20.000 r  <hidden>
    W5                                                0.000    20.000 r  clk
                         net (fo=0)                   0.000    20.000    clk
    W5                   IBUF (Prop_ibuf_I_O)         1.388    21.388 r  clk_IBUF_inst/O
                         net (fo=1, routed)           1.862    23.250    clk_IBUF
    BUFGCTRL_X0Y1        BUFG (Prop_bufg_I_O)         0.091    23.341 r  clk_IBUF_BUFG_inst/O
                         net (fo=1, routed)           1.445    24.786    clk_IBUF_BUFG
    SLICE_X36Y46         FDRE (Prop_fdre_C_Q)         0.367    25.153 r  clk_div_reg/Q
                         net (fo=2, routed)           0.654    25.807    clk_div
    BUFGCTRL_X0Y0        BUFG (Prop_bufg_I_O)         0.091    25.898 r  bufg_cpu/O
                         net (fo=6507, routed)        1.436    27.334    cpu_soc/cpu/cpu_id_ex/cpu_clk
    SLICE_X55Y84         FDCE                                         r  cpu_soc/cpu/cpu_id_ex/read_data2_out_reg[18]/C
                         clock pessimism              0.476    27.810    <hidden>
                         clock uncertainty           -0.035    27.774    <hidden>
    SLICE_X55Y84         FDCE (Recov_fdce_C_CLR)     -0.405    27.369    cpu_soc/cpu/cpu_id_ex/read_data2_out_reg[18]
  -------------------------------------------------------------------
                         required time                         27.369    <hidden>
                         arrival time                         -25.520    <hidden>
  -------------------------------------------------------------------
                         slack                                  1.849    <hidden>





Min Delay Paths
--------------------------------------------------------------------------------------
Slack (MET) :             1.033ns  (arrival time - required time)
  Source:                 rst_sync_reg[1]/C
                            (rising edge-triggered cell FDCE clocked by cpu_clk  {rise@0.000ns fall@10.000ns period=20.000ns})
  Destination:            cpu_soc/cpu/cpu_branch_predictor/target_flat_reg[484]/CLR
                            (removal check against rising-edge clock cpu_clk  {rise@0.000ns fall@10.000ns period=20.000ns})
  Path Group:             **async_default**
  Path Type:              Removal (Min at Fast Process Corner)
  Requirement:            0.000ns  (cpu_clk rise@0.000ns - cpu_clk rise@0.000ns)
  Data Path Delay:        1.213ns  (logic 0.186ns (15.339%)  route 1.027ns (84.661%))
  Logic Levels:           1  (LUT1=1)
  Clock Path Skew:        0.272ns (DCD - SCD - CPR)
    Destination Clock Delay (DCD):    3.337ns
    Source Clock Delay      (SCD):    2.482ns
    Clock Pessimism Removal (CPR):    0.583ns

    Location             Delay type                Incr(ns)  Path(ns)    Netlist Resource(s)
  -------------------------------------------------------------------    -------------------
                         (clock cpu_clk rise edge)    0.000     0.000 r  <hidden>
    W5                                                0.000     0.000 r  clk
                         net (fo=0)                   0.000     0.000    clk
    W5                   IBUF (Prop_ibuf_I_O)         0.226     0.226 r  clk_IBUF_inst/O
                         net (fo=1, routed)           0.631     0.858    clk_IBUF
    BUFGCTRL_X0Y1        BUFG (Prop_bufg_I_O)         0.026     0.884 r  clk_IBUF_BUFG_inst/O
                         net (fo=1, routed)           0.563     1.446    clk_IBUF_BUFG
    SLICE_X36Y46         FDRE (Prop_fdre_C_Q)         0.141     1.587 r  clk_div_reg/Q
                         net (fo=2, routed)           0.282     1.869    clk_div
    BUFGCTRL_X0Y0        BUFG (Prop_bufg_I_O)         0.026     1.895 r  bufg_cpu/O
                         net (fo=6507, routed)        0.588     2.482    cpu_clk
    SLICE_X0Y18          FDCE                                         r  rst_sync_reg[1]/C
  -------------------------------------------------------------------    -------------------
    SLICE_X0Y18          FDCE (Prop_fdce_C_Q)         0.141     2.623 r  rst_sync_reg[1]/Q
                         net (fo=1, routed)           0.153     2.776    cpu_soc/cpu/cpu_branch_predictor/Q[0]
    SLICE_X0Y19          LUT1 (Prop_lut1_I0_O)        0.045     2.821 f  cpu_soc/cpu/cpu_branch_predictor/i_/O
                         net (fo=5449, routed)        0.874     3.695    cpu_soc/cpu/cpu_branch_predictor/rst_sync_reg[1]
    SLICE_X5Y89          FDCE                                         f  cpu_soc/cpu/cpu_branch_predictor/target_flat_reg[484]/CLR
  -------------------------------------------------------------------    -------------------

                         (clock cpu_clk rise edge)    0.000     0.000 r  <hidden>
    W5                                                0.000     0.000 r  clk
                         net (fo=0)                   0.000     0.000    clk
    W5                   IBUF (Prop_ibuf_I_O)         0.414     0.414 r  clk_IBUF_inst/O
                         net (fo=1, routed)           0.685     1.099    clk_IBUF
    BUFGCTRL_X0Y1        BUFG (Prop_bufg_I_O)         0.029     1.128 r  clk_IBUF_BUFG_inst/O
                         net (fo=1, routed)           0.832     1.959    clk_IBUF_BUFG
    SLICE_X36Y46         FDRE (Prop_fdre_C_Q)         0.175     2.134 r  clk_div_reg/Q
                         net (fo=2, routed)           0.315     2.449    clk_div
    BUFGCTRL_X0Y0        BUFG (Prop_bufg_I_O)         0.029     2.478 r  bufg_cpu/O
                         net (fo=6507, routed)        0.860     3.337    cpu_soc/cpu/cpu_branch_predictor/cpu_clk
    SLICE_X5Y89          FDCE                                         r  cpu_soc/cpu/cpu_branch_predictor/target_flat_reg[484]/C
                         clock pessimism             -0.583     2.754    <hidden>
    SLICE_X5Y89          FDCE (Remov_fdce_C_CLR)     -0.092     2.662    cpu_soc/cpu/cpu_branch_predictor/target_flat_reg[484]
  -------------------------------------------------------------------
                         required time                         -2.662    <hidden>
                         arrival time                           3.695    <hidden>
  -------------------------------------------------------------------
                         slack                                  1.033    <hidden>





