Copyright 1986-2022 Xilinx, Inc. All Rights Reserved. Copyright 2022-2026 Advanced Micro Devices, Inc. All Rights Reserved.
---------------------------------------------------------------------------------------------------------------------------------------------
| Tool Version : Vivado v.2026.1 (win64) Build 6511674 Tue Jun 16 11:02:23 MDT 2026
| Date         : Sat Sep 12 18:37:19 2026
| Host         : AORUS15XE4 running 64-bit major release  (build 9200)
| Command      : report_timing_summary -file X:/Entropic_R32-P5_RISC-V_UART/fpga/basys3/report_timing_build.rpt
| Design       : basys3_top
| Device       : 7a35t-cpg236
| Speed File   : -1  PRODUCTION 1.23 2018-06-13
| Design State : Routed
---------------------------------------------------------------------------------------------------------------------------------------------

Timing Summary Report

------------------------------------------------------------------------------------------------
| Timer Settings
| --------------
------------------------------------------------------------------------------------------------

  Enable Multi Corner Analysis               :  Yes
  Enable Pessimism Removal                   :  Yes
  Pessimism Removal Resolution               :  Nearest Common Node
  Enable Input Delay Default Clock           :  No
  Enable Preset / Clear Arcs                 :  No
  Disable Flight Delays                      :  No
  Ignore I/O Paths                           :  No
  Timing Early Launch at Borrowing Latches   :  No
  Borrow Time for Max Delay Exceptions       :  Yes
  Merge Timing Exceptions                    :  Yes
  Inter-SLR Compensation                     :  Conservative

  Corner  Analyze    Analyze    
  Name    Max Paths  Min Paths  
  ------  ---------  ---------  
  Slow    Yes        Yes        
  Fast    Yes        Yes        


------------------------------------------------------------------------------------------------
| Report Methodology
| ------------------
------------------------------------------------------------------------------------------------

No report available as report_methodology has not been run prior. Run report_methodology on the current design for the summary of methodology violations.



check_timing report

Table of Contents
-----------------
1. checking no_clock (0)
2. checking constant_clock (0)
3. checking pulse_width_clock (0)
4. checking unconstrained_internal_endpoints (0)
5. checking no_input_delay (1)
6. checking no_output_delay (17)
7. checking multiple_clock (0)
8. checking generated_clocks (0)
9. checking loops (0)
10. checking partial_input_delay (0)
11. checking partial_output_delay (0)
12. checking latch_loops (0)

1. checking no_clock (0)
------------------------
 There are 0 register/latch pins with no clock.


2. checking constant_clock (0)
------------------------------
 There are 0 register/latch pins with constant_clock.


3. checking pulse_width_clock (0)
---------------------------------
 There are 0 register/latch pins which need pulse_width check


4. checking unconstrained_internal_endpoints (0)
------------------------------------------------
 There are 0 pins that are not constrained for maximum delay.

 There are 0 pins that are not constrained for maximum delay due to constant clock.


5. checking no_input_delay (1)
------------------------------
 There is 1 input port with no input delay specified. (HIGH)

 There are 0 input ports with no input delay but user has a false path constraint.


6. checking no_output_delay (17)
--------------------------------
 There are 17 ports with no output delay specified. (HIGH)

 There are 0 ports with no output delay but user has a false path constraint

 There are 0 ports with no output delay but with a timing clock defined on it or propagating through it


7. checking multiple_clock (0)
------------------------------
 There are 0 register/latch pins with multiple clocks.


8. checking generated_clocks (0)
--------------------------------
 There are 0 generated clocks that are not connected to a clock source.


9. checking loops (0)
---------------------
 There are 0 combinational loops in the design.


10. checking partial_input_delay (0)
------------------------------------
 There are 0 input ports with partial input delay specified.


11. checking partial_output_delay (0)
-------------------------------------
 There are 0 ports with partial output delay specified.


12. checking latch_loops (0)
----------------------------
 There are 0 combinational latch loops in the design through latch input



------------------------------------------------------------------------------------------------
| Design Timing Summary
| ---------------------
------------------------------------------------------------------------------------------------

    WNS(ns)      TNS(ns)  TNS Failing Endpoints  TNS Total Endpoints      WHS(ns)      THS(ns)  THS Failing Endpoints  THS Total Endpoints     WPWS(ns)     TPWS(ns)  TPWS Failing Endpoints  TPWS Total Endpoints  
    -------      -------  ---------------------  -------------------      -------      -------  ---------------------  -------------------     --------     --------  ----------------------  --------------------  
     -0.341       -4.538                     33                25205        0.069        0.000                      0                25205        4.500        0.000                       0                  6535  


Timing constraints are not met.


------------------------------------------------------------------------------------------------
| Clock Summary
| -------------
------------------------------------------------------------------------------------------------

Clock        Waveform(ns)       Period(ns)      Frequency(MHz)
-----        ------------       ----------      --------------
sys_clk_pin  {0.000 5.000}      10.000          100.000         
  cpu_clk    {0.000 10.000}     20.000          50.000          


------------------------------------------------------------------------------------------------
| Intra Clock Table
| -----------------
------------------------------------------------------------------------------------------------

Clock             WNS(ns)      TNS(ns)  TNS Failing Endpoints  TNS Total Endpoints      WHS(ns)      THS(ns)  THS Failing Endpoints  THS Total Endpoints     WPWS(ns)     TPWS(ns)  TPWS Failing Endpoints  TPWS Total Endpoints  
-----             -------      -------  ---------------------  -------------------      -------      -------  ---------------------  -------------------     --------     --------  ----------------------  --------------------  
sys_clk_pin         8.892        0.000                      0                    1        0.280        0.000                      0                    1        4.500        0.000                       0                     2  
  cpu_clk          -0.341       -4.538                     33                19729        0.069        0.000                      0                19729        8.750        0.000                       0                  6533  


------------------------------------------------------------------------------------------------
| Inter Clock Table
| -----------------
------------------------------------------------------------------------------------------------

From Clock    To Clock          WNS(ns)      TNS(ns)  TNS Failing Endpoints  TNS Total Endpoints      WHS(ns)      THS(ns)  THS Failing Endpoints  THS Total Endpoints  
----------    --------          -------      -------  ---------------------  -------------------      -------      -------  ---------------------  -------------------  


------------------------------------------------------------------------------------------------
| Other Path Groups Table
| -----------------------
------------------------------------------------------------------------------------------------

Path Group         From Clock         To Clock               WNS(ns)      TNS(ns)  TNS Failing Endpoints  TNS Total Endpoints      WHS(ns)      THS(ns)  THS Failing Endpoints  THS Total Endpoints  
----------         ----------         --------               -------      -------  ---------------------  -------------------      -------      -------  ---------------------  -------------------  
**async_default**  cpu_clk            cpu_clk                  2.046        0.000                      0                 5475        0.925        0.000                      0                 5475  


------------------------------------------------------------------------------------------------
| Timing Details
| --------------
------------------------------------------------------------------------------------------------


---------------------------------------------------------------------------------------------------
From Clock:  sys_clk_pin
  To Clock:  sys_clk_pin

Setup :            0  Failing Endpoints,  Worst Slack        8.892ns,  Total Violation        0.000ns
Hold  :            0  Failing Endpoints,  Worst Slack        0.280ns,  Total Violation        0.000ns
PW    :            0  Failing Endpoints,  Worst Slack        4.500ns,  Total Violation        0.000ns
---------------------------------------------------------------------------------------------------


Max Delay Paths
--------------------------------------------------------------------------------------
Slack (MET) :             8.892ns  (required time - arrival time)
  Source:                 clk_div_reg/C
                            (rising edge-triggered cell FDRE clocked by sys_clk_pin  {rise@0.000ns fall@5.000ns period=10.000ns})
  Destination:            clk_div_reg/D
                            (rising edge-triggered cell FDRE clocked by sys_clk_pin  {rise@0.000ns fall@5.000ns period=10.000ns})
  Path Group:             sys_clk_pin
  Path Type:              Setup (Max at Slow Process Corner)
  Requirement:            10.000ns  (sys_clk_pin rise@10.000ns - sys_clk_pin rise@0.000ns)
  Data Path Delay:        1.102ns  (logic 0.580ns (52.641%)  route 0.522ns (47.359%))
  Logic Levels:           1  (LUT1=1)
  Clock Path Skew:        0.000ns (DCD - SCD + CPR)
    Destination Clock Delay (DCD):    4.786ns = ( 14.786 - 10.000 ) 
    Source Clock Delay      (SCD):    5.086ns
    Clock Pessimism Removal (CPR):    0.300ns
  Clock Uncertainty:      0.035ns  ((TSJ^2 + TIJ^2)^1/2 + DJ) / 2 + PE
    Total System Jitter     (TSJ):    0.071ns
    Total Input Jitter      (TIJ):    0.000ns
    Discrete Jitter          (DJ):    0.000ns
    Phase Error              (PE):    0.000ns

    Location             Delay type                Incr(ns)  Path(ns)    Netlist Resource(s)
  -------------------------------------------------------------------    -------------------
                         (clock sys_clk_pin rise edge)
                                                      0.000     0.000 r  <hidden>
    W5                                                0.000     0.000 r  clk
                         net (fo=0)                   0.000     0.000    clk
    W5                   IBUF (Prop_ibuf_I_O)         1.458     1.458 r  clk_IBUF_inst/O
                         net (fo=1, routed)           1.967     3.425    clk_IBUF
    BUFGCTRL_X0Y1        BUFG (Prop_bufg_I_O)         0.096     3.521 r  clk_IBUF_BUFG_inst/O
                         net (fo=1, routed)           1.565     5.086    clk_IBUF_BUFG
    SLICE_X36Y46         FDRE                                         r  clk_div_reg/C
  -------------------------------------------------------------------    -------------------
    SLICE_X36Y46         FDRE (Prop_fdre_C_Q)         0.456     5.542 f  clk_div_reg/Q
                         net (fo=2, routed)           0.522     6.064    clk_div
    SLICE_X36Y46         LUT1 (Prop_lut1_I0_O)        0.124     6.188 r  clk_div_i_1/O
                         net (fo=1, routed)           0.000     6.188    p_0_in
    SLICE_X36Y46         FDRE                                         r  clk_div_reg/D
  -------------------------------------------------------------------    -------------------

                         (clock sys_clk_pin rise edge)
                                                     10.000    10.000 r  <hidden>
    W5                                                0.000    10.000 r  clk
                         net (fo=0)                   0.000    10.000    clk
    W5                   IBUF (Prop_ibuf_I_O)         1.388    11.388 r  clk_IBUF_inst/O
                         net (fo=1, routed)           1.862    13.250    clk_IBUF
    BUFGCTRL_X0Y1        BUFG (Prop_bufg_I_O)         0.091    13.341 r  clk_IBUF_BUFG_inst/O
                         net (fo=1, routed)           1.445    14.786    clk_IBUF_BUFG
    SLICE_X36Y46         FDRE                                         r  clk_div_reg/C
                         clock pessimism              0.300    15.086    <hidden>
                         clock uncertainty           -0.035    15.051    <hidden>
    SLICE_X36Y46         FDRE (Setup_fdre_C_D)        0.029    15.080    clk_div_reg
  -------------------------------------------------------------------
                         required time                         15.080    <hidden>
                         arrival time                          -6.188    <hidden>
  -------------------------------------------------------------------
                         slack                                  8.892    <hidden>





Min Delay Paths
--------------------------------------------------------------------------------------
Slack (MET) :             0.280ns  (arrival time - required time)
  Source:                 clk_div_reg/C
                            (rising edge-triggered cell FDRE clocked by sys_clk_pin  {rise@0.000ns fall@5.000ns period=10.000ns})
  Destination:            clk_div_reg/D
                            (rising edge-triggered cell FDRE clocked by sys_clk_pin  {rise@0.000ns fall@5.000ns period=10.000ns})
  Path Group:             sys_clk_pin
  Path Type:              Hold (Min at Fast Process Corner)
  Requirement:            0.000ns  (sys_clk_pin rise@0.000ns - sys_clk_pin rise@0.000ns)
  Data Path Delay:        0.371ns  (logic 0.186ns (50.162%)  route 0.185ns (49.838%))
  Logic Levels:           1  (LUT1=1)
  Clock Path Skew:        0.000ns (DCD - SCD - CPR)
    Destination Clock Delay (DCD):    1.959ns
    Source Clock Delay      (SCD):    1.446ns
    Clock Pessimism Removal (CPR):    0.513ns

    Location             Delay type                Incr(ns)  Path(ns)    Netlist Resource(s)
  -------------------------------------------------------------------    -------------------
                         (clock sys_clk_pin rise edge)
                                                      0.000     0.000 r  <hidden>
    W5                                                0.000     0.000 r  clk
                         net (fo=0)                   0.000     0.000    clk
    W5                   IBUF (Prop_ibuf_I_O)         0.226     0.226 r  clk_IBUF_inst/O
                         net (fo=1, routed)           0.631     0.858    clk_IBUF
    BUFGCTRL_X0Y1        BUFG (Prop_bufg_I_O)         0.026     0.884 r  clk_IBUF_BUFG_inst/O
                         net (fo=1, routed)           0.563     1.446    clk_IBUF_BUFG
    SLICE_X36Y46         FDRE                                         r  clk_div_reg/C
  -------------------------------------------------------------------    -------------------
    SLICE_X36Y46         FDRE (Prop_fdre_C_Q)         0.141     1.587 f  clk_div_reg/Q
                         net (fo=2, routed)           0.185     1.772    clk_div
    SLICE_X36Y46         LUT1 (Prop_lut1_I0_O)        0.045     1.817 r  clk_div_i_1/O
                         net (fo=1, routed)           0.000     1.817    p_0_in
    SLICE_X36Y46         FDRE                                         r  clk_div_reg/D
  -------------------------------------------------------------------    -------------------

                         (clock sys_clk_pin rise edge)
                                                      0.000     0.000 r  <hidden>
    W5                                                0.000     0.000 r  clk
                         net (fo=0)                   0.000     0.000    clk
    W5                   IBUF (Prop_ibuf_I_O)         0.414     0.414 r  clk_IBUF_inst/O
                         net (fo=1, routed)           0.685     1.099    clk_IBUF
    BUFGCTRL_X0Y1        BUFG (Prop_bufg_I_O)         0.029     1.128 r  clk_IBUF_BUFG_inst/O
                         net (fo=1, routed)           0.832     1.959    clk_IBUF_BUFG
    SLICE_X36Y46         FDRE                                         r  clk_div_reg/C
                         clock pessimism             -0.513     1.446    <hidden>
    SLICE_X36Y46         FDRE (Hold_fdre_C_D)         0.091     1.537    clk_div_reg
  -------------------------------------------------------------------
                         required time                         -1.537    <hidden>
                         arrival time                           1.817    <hidden>
  -------------------------------------------------------------------
                         slack                                  0.280    <hidden>





Pulse Width Checks
--------------------------------------------------------------------------------------
Clock Name:         sys_clk_pin
Waveform(ns):       { 0.000 5.000 }
Period(ns):         10.000
Sources:            { clk }

Check Type        Corner  Lib Pin  Reference Pin  Required(ns)  Actual(ns)  Slack(ns)  Location       Pin
Min Period        n/a     BUFG/I   n/a            2.155         10.000      7.845      BUFGCTRL_X0Y1  clk_IBUF_BUFG_inst/I
Low Pulse Width   Slow    FDRE/C   n/a            0.500         5.000       4.500      SLICE_X36Y46   clk_div_reg/C
High Pulse Width  Slow    FDRE/C   n/a            0.500         5.000       4.500      SLICE_X36Y46   clk_div_reg/C



---------------------------------------------------------------------------------------------------
From Clock:  cpu_clk
  To Clock:  cpu_clk

Setup :           33  Failing Endpoints,  Worst Slack       -0.341ns,  Total Violation       -4.538ns
Hold  :            0  Failing Endpoints,  Worst Slack        0.069ns,  Total Violation        0.000ns
PW    :            0  Failing Endpoints,  Worst Slack        8.750ns,  Total Violation        0.000ns
---------------------------------------------------------------------------------------------------


Max Delay Paths
--------------------------------------------------------------------------------------
Slack (VIOLATED) :        -0.341ns  (required time - arrival time)
  Source:                 cpu_soc/cpu/cpu_ex_mem/alu_result_out_reg[29]/C
                            (rising edge-triggered cell FDCE clocked by cpu_clk  {rise@0.000ns fall@10.000ns period=20.000ns})
  Destination:            cpu_soc/cpu/cpu_if_id/pc_out_reg[4]_rep__6/CE
                            (rising edge-triggered cell FDCE clocked by cpu_clk  {rise@0.000ns fall@10.000ns period=20.000ns})
  Path Group:             cpu_clk
  Path Type:              Setup (Max at Slow Process Corner)
  Requirement:            20.000ns  (cpu_clk rise@20.000ns - cpu_clk rise@0.000ns)
  Data Path Delay:        19.818ns  (logic 5.875ns (29.644%)  route 13.943ns (70.356%))
  Logic Levels:           27  (CARRY4=11 LUT2=1 LUT3=4 LUT4=2 LUT5=2 LUT6=7)
  Clock Path Skew:        -0.282ns (DCD - SCD + CPR)
    Destination Clock Delay (DCD):    7.337ns = ( 27.337 - 20.000 ) 
    Source Clock Delay      (SCD):    8.101ns
    Clock Pessimism Removal (CPR):    0.483ns
  Clock Uncertainty:      0.035ns  ((TSJ^2 + TIJ^2)^1/2 + DJ) / 2 + PE
    Total System Jitter     (TSJ):    0.071ns
    Total Input Jitter      (TIJ):    0.000ns
    Discrete Jitter          (DJ):    0.000ns
    Phase Error              (PE):    0.000ns

    Location             Delay type                Incr(ns)  Path(ns)    Netlist Resource(s)
  -------------------------------------------------------------------    -------------------
                         (clock cpu_clk rise edge)    0.000     0.000 r  <hidden>
    W5                                                0.000     0.000 r  clk
                         net (fo=0)                   0.000     0.000    clk
    W5                   IBUF (Prop_ibuf_I_O)         1.458     1.458 r  clk_IBUF_inst/O
                         net (fo=1, routed)           1.967     3.425    clk_IBUF
    BUFGCTRL_X0Y1        BUFG (Prop_bufg_I_O)         0.096     3.521 r  clk_IBUF_BUFG_inst/O
                         net (fo=1, routed)           1.565     5.086    clk_IBUF_BUFG
    SLICE_X36Y46         FDRE (Prop_fdre_C_Q)         0.456     5.542 r  clk_div_reg/Q
                         net (fo=2, routed)           0.736     6.278    clk_div
    BUFGCTRL_X0Y0        BUFG (Prop_bufg_I_O)         0.096     6.374 r  bufg_cpu/O
                         net (fo=6533, routed)        1.727     8.101    cpu_soc/cpu/cpu_ex_mem/cpu_clk
    SLICE_X16Y120        FDCE                                         r  cpu_soc/cpu/cpu_ex_mem/alu_result_out_reg[29]/C
  -------------------------------------------------------------------    -------------------
    SLICE_X16Y120        FDCE (Prop_fdce_C_Q)         0.456     8.557 r  cpu_soc/cpu/cpu_ex_mem/alu_result_out_reg[29]/Q
                         net (fo=42, routed)          1.241     9.798    cpu_soc/cpu/cpu_ex_mem/alu_result_out_reg[31]_0[29]
    SLICE_X16Y119        LUT6 (Prop_lut6_I1_O)        0.124     9.922 r  cpu_soc/cpu/cpu_ex_mem/filtered_data_out[15]_i_2/O
                         net (fo=2, routed)           0.810    10.732    cpu_soc/cpu/cpu_load_filter/filtered_data_out_reg[31][8]
    SLICE_X16Y119        LUT6 (Prop_lut6_I1_O)        0.124    10.856 r  cpu_soc/cpu/cpu_load_filter/i_/filtered_data_out[31]_i_3/O
                         net (fo=26, routed)          0.895    11.750    cpu_soc/cpu/cpu_load_filter/data1[7]
    SLICE_X19Y117        LUT6 (Prop_lut6_I0_O)        0.124    11.874 r  cpu_soc/cpu/cpu_load_filter/i_/filtered_data_out[11]_i_1/O
                         net (fo=3, routed)           0.473    12.348    cpu_soc/cpu/cpu_ex_mem/filtered_data[5]
    SLICE_X22Y116        LUT4 (Prop_lut4_I0_O)        0.124    12.472 r  cpu_soc/cpu/cpu_ex_mem/read_data2_out[11]_i_2__0/O
                         net (fo=3, routed)           0.650    13.122    cpu_soc/cpu/cpu_ex_mem/read_data2_out[11]_i_2__0_n_0
    SLICE_X22Y118        LUT6 (Prop_lut6_I1_O)        0.124    13.246 r  cpu_soc/cpu/cpu_ex_mem/read_data2_out[11]_i_1__0/O
                         net (fo=2, routed)           0.737    13.983    cpu_soc/cpu/cpu_id_ex/alu_result_out[0]_i_16_1[9]
    SLICE_X26Y118        LUT3 (Prop_lut3_I2_O)        0.150    14.133 r  cpu_soc/cpu/cpu_id_ex/alu_result_out[11]_i_9/O
                         net (fo=7, routed)           0.911    15.044    cpu_soc/cpu/cpu_id_ex/imm_gen_out_out_reg[30]_0[11]
    SLICE_X28Y121        LUT4 (Prop_lut4_I3_O)        0.352    15.396 r  cpu_soc/cpu/cpu_id_ex/alu_result_out[0]_i_45/O
                         net (fo=2, routed)           0.493    15.889    cpu_soc/cpu/cpu_alu/alu_result_out_reg[0]_i_11_0[1]
    SLICE_X28Y124        CARRY4 (Prop_carry4_DI[1]_CO[3])
                                                      0.709    16.598 r  cpu_soc/cpu/cpu_alu/alu_result_out_reg[0]_i_36/CO[3]
                         net (fo=1, routed)           0.009    16.607    cpu_soc/cpu/cpu_alu/alu_result_out_reg[0]_i_36_n_0
    SLICE_X28Y125        CARRY4 (Prop_carry4_CI_CO[3])
                                                      0.114    16.721 r  cpu_soc/cpu/cpu_alu/alu_result_out_reg[0]_i_20/CO[3]
                         net (fo=1, routed)           0.000    16.721    cpu_soc/cpu/cpu_alu/alu_result_out_reg[0]_i_20_n_0
    SLICE_X28Y126        CARRY4 (Prop_carry4_CI_CO[3])
                                                      0.114    16.835 r  cpu_soc/cpu/cpu_alu/alu_result_out_reg[0]_i_8/CO[3]
                         net (fo=1, routed)           1.002    17.837    cpu_soc/cpu/cpu_id_ex/alu_result_out[0]_i_2_0[0]
    SLICE_X32Y121        LUT6 (Prop_lut6_I0_O)        0.124    17.961 r  cpu_soc/cpu/cpu_id_ex/alu_result_out[0]_i_4/O
                         net (fo=1, routed)           0.491    18.452    cpu_soc/cpu/cpu_id_ex/alu_result_out[0]_i_4_n_0
    SLICE_X32Y121        LUT5 (Prop_lut5_I2_O)        0.124    18.576 r  cpu_soc/cpu/cpu_id_ex/alu_result_out[0]_i_2/O
                         net (fo=3, routed)           0.714    19.290    cpu_soc/cpu/cpu_id_ex/alu_result_out[0]_i_2_n_0
    SLICE_X31Y116        LUT5 (Prop_lut5_I3_O)        0.124    19.414 r  cpu_soc/cpu/cpu_id_ex/target_flat[2019]_i_20/O
                         net (fo=9, routed)           0.557    19.971    cpu_soc/cpu/cpu_if_id/branch_comp_1[0]
    SLICE_X33Y112        LUT6 (Prop_lut6_I0_O)        0.124    20.095 r  cpu_soc/cpu/cpu_if_id/target_flat[2019]_i_12/O
                         net (fo=1, routed)           0.000    20.095    cpu_soc/cpu/cpu_if_id/target_flat[2019]_i_12_n_0
    SLICE_X33Y112        CARRY4 (Prop_carry4_S[0]_CO[3])
                                                      0.532    20.627 r  cpu_soc/cpu/cpu_if_id/target_flat_reg[2019]_i_3/CO[3]
                         net (fo=1, routed)           0.000    20.627    cpu_soc/cpu/cpu_if_id/target_flat_reg[2019]_i_3_n_0
    SLICE_X33Y113        CARRY4 (Prop_carry4_CI_CO[3])
                                                      0.114    20.741 r  cpu_soc/cpu/cpu_if_id/target_flat_reg[2023]_i_3/CO[3]
                         net (fo=1, routed)           0.000    20.741    cpu_soc/cpu/cpu_if_id/target_flat_reg[2023]_i_3_n_0
    SLICE_X33Y114        CARRY4 (Prop_carry4_CI_CO[3])
                                                      0.114    20.855 r  cpu_soc/cpu/cpu_if_id/target_flat_reg[2027]_i_3/CO[3]
                         net (fo=1, routed)           0.000    20.855    cpu_soc/cpu/cpu_if_id/target_flat_reg[2027]_i_3_n_0
    SLICE_X33Y115        CARRY4 (Prop_carry4_CI_CO[3])
                                                      0.114    20.969 r  cpu_soc/cpu/cpu_if_id/target_flat_reg[2031]_i_3/CO[3]
                         net (fo=1, routed)           0.000    20.969    cpu_soc/cpu/cpu_if_id/target_flat_reg[2031]_i_3_n_0
    SLICE_X33Y116        CARRY4 (Prop_carry4_CI_CO[3])
                                                      0.114    21.083 r  cpu_soc/cpu/cpu_if_id/target_flat_reg[2035]_i_3/CO[3]
                         net (fo=1, routed)           0.000    21.083    cpu_soc/cpu/cpu_if_id/target_flat_reg[2035]_i_3_n_0
    SLICE_X33Y117        CARRY4 (Prop_carry4_CI_CO[3])
                                                      0.114    21.197 r  cpu_soc/cpu/cpu_if_id/target_flat_reg[2039]_i_3/CO[3]
                         net (fo=1, routed)           0.000    21.197    cpu_soc/cpu/cpu_if_id/target_flat_reg[2039]_i_3_n_0
    SLICE_X33Y118        CARRY4 (Prop_carry4_CI_O[2])
                                                      0.239    21.436 r  cpu_soc/cpu/cpu_if_id/target_flat_reg[2043]_i_3/O[2]
                         net (fo=2, routed)           0.720    22.156    cpu_soc/cpu/cpu_if_id/jalr_target_full[26]
    SLICE_X36Y115        LUT3 (Prop_lut3_I0_O)        0.302    22.458 r  cpu_soc/cpu/cpu_if_id/target_flat[2042]_i_2/O
                         net (fo=33, routed)          1.007    23.465    cpu_soc/cpu/cpu_if_id/real_target[26]
    SLICE_X36Y110        LUT6 (Prop_lut6_I1_O)        0.124    23.589 r  cpu_soc/cpu/cpu_if_id/pc_out[31]_i_18/O
                         net (fo=1, routed)           0.000    23.589    cpu_soc/cpu/cpu_if_id/pc_out[31]_i_18_n_0
    SLICE_X36Y110        CARRY4 (Prop_carry4_S[0]_CO[2])
                                                      0.536    24.125 r  cpu_soc/cpu/cpu_if_id/pc_out_reg[31]_i_10/CO[2]
                         net (fo=1, routed)           0.425    24.551    cpu_soc/cpu/cpu_if_id/mispredicted1
    SLICE_X36Y111        LUT3 (Prop_lut3_I1_O)        0.313    24.864 f  cpu_soc/cpu/cpu_if_id/pc_out[31]_i_4/O
                         net (fo=58, routed)          0.643    25.507    cpu_soc/cpu/cpu_if_id/predicted_taken_out_reg_0
    SLICE_X38Y111        LUT3 (Prop_lut3_I1_O)        0.124    25.631 r  cpu_soc/cpu/cpu_if_id/instruction_out[31]_i_3/O
                         net (fo=189, routed)         0.773    26.404    cpu_soc/cpu/cpu_if_id/flush0
    SLICE_X38Y108        LUT2 (Prop_lut2_I0_O)        0.124    26.528 r  cpu_soc/cpu/cpu_if_id/instruction_out[31]_i_1/O
                         net (fo=188, routed)         1.392    27.920    cpu_soc/cpu/cpu_if_id/instruction_out[31]_i_1_n_0
    SLICE_X49Y89         FDCE                                         r  cpu_soc/cpu/cpu_if_id/pc_out_reg[4]_rep__6/CE
  -------------------------------------------------------------------    -------------------

                         (clock cpu_clk rise edge)   20.000    20.000 r  <hidden>
    W5                                                0.000    20.000 r  clk
                         net (fo=0)                   0.000    20.000    clk
    W5                   IBUF (Prop_ibuf_I_O)         1.388    21.388 r  clk_IBUF_inst/O
                         net (fo=1, routed)           1.862    23.250    clk_IBUF
    BUFGCTRL_X0Y1        BUFG (Prop_bufg_I_O)         0.091    23.341 r  clk_IBUF_BUFG_inst/O
                         net (fo=1, routed)           1.445    24.786    clk_IBUF_BUFG
    SLICE_X36Y46         FDRE (Prop_fdre_C_Q)         0.367    25.153 r  clk_div_reg/Q
                         net (fo=2, routed)           0.654    25.807    clk_div
    BUFGCTRL_X0Y0        BUFG (Prop_bufg_I_O)         0.091    25.898 r  bufg_cpu/O
                         net (fo=6533, routed)        1.439    27.337    cpu_soc/cpu/cpu_if_id/cpu_clk
    SLICE_X49Y89         FDCE                                         r  cpu_soc/cpu/cpu_if_id/pc_out_reg[4]_rep__6/C
                         clock pessimism              0.483    27.820    <hidden>
                         clock uncertainty           -0.035    27.784    <hidden>
    SLICE_X49Y89         FDCE (Setup_fdce_C_CE)      -0.205    27.579    cpu_soc/cpu/cpu_if_id/pc_out_reg[4]_rep__6
  -------------------------------------------------------------------
                         required time                         27.579    <hidden>
                         arrival time                         -27.920    <hidden>
  -------------------------------------------------------------------
                         slack                                 -0.341    <hidden>





Min Delay Paths
--------------------------------------------------------------------------------------
Slack (MET) :             0.069ns  (arrival time - required time)
  Source:                 cpu_soc/cpu/cpu_ex_mem/alu_result_out_reg[6]_rep__1/C
                            (rising edge-triggered cell FDCE clocked by cpu_clk  {rise@0.000ns fall@10.000ns period=20.000ns})
  Destination:            cpu_soc/ram/mem_array_reg_128_255_27_27/DP.HIGH/WADR4
                            (rising edge-triggered cell RAMD64E clocked by cpu_clk  {rise@0.000ns fall@10.000ns period=20.000ns})
  Path Group:             cpu_clk
  Path Type:              Hold (Min at Fast Process Corner)
  Requirement:            0.000ns  (cpu_clk rise@0.000ns - cpu_clk rise@0.000ns)
  Data Path Delay:        0.454ns  (logic 0.141ns (31.064%)  route 0.313ns (68.936%))
  Logic Levels:           0  
  Clock Path Skew:        0.185ns (DCD - SCD - CPR)
    Destination Clock Delay (DCD):    3.312ns
    Source Clock Delay      (SCD):    2.539ns
    Clock Pessimism Removal (CPR):    0.588ns

    Location             Delay type                Incr(ns)  Path(ns)    Netlist Resource(s)
  -------------------------------------------------------------------    -------------------
                         (clock cpu_clk rise edge)    0.000     0.000 r  <hidden>
    W5                                                0.000     0.000 r  clk
                         net (fo=0)                   0.000     0.000    clk
    W5                   IBUF (Prop_ibuf_I_O)         0.226     0.226 r  clk_IBUF_inst/O
                         net (fo=1, routed)           0.631     0.858    clk_IBUF
    BUFGCTRL_X0Y1        BUFG (Prop_bufg_I_O)         0.026     0.884 r  clk_IBUF_BUFG_inst/O
                         net (fo=1, routed)           0.563     1.446    clk_IBUF_BUFG
    SLICE_X36Y46         FDRE (Prop_fdre_C_Q)         0.141     1.587 r  clk_div_reg/Q
                         net (fo=2, routed)           0.282     1.869    clk_div
    BUFGCTRL_X0Y0        BUFG (Prop_bufg_I_O)         0.026     1.895 r  bufg_cpu/O
                         net (fo=6533, routed)        0.644     2.539    cpu_soc/cpu/cpu_ex_mem/cpu_clk
    SLICE_X26Y103        FDCE                                         r  cpu_soc/cpu/cpu_ex_mem/alu_result_out_reg[6]_rep__1/C
  -------------------------------------------------------------------    -------------------
    SLICE_X26Y103        FDCE (Prop_fdce_C_Q)         0.141     2.680 r  cpu_soc/cpu/cpu_ex_mem/alu_result_out_reg[6]_rep__1/Q
                         net (fo=192, routed)         0.313     2.993    cpu_soc/ram/mem_array_reg_128_255_27_27/A4
    SLICE_X12Y99         RAMD64E                                      r  cpu_soc/ram/mem_array_reg_128_255_27_27/DP.HIGH/WADR4
  -------------------------------------------------------------------    -------------------

                         (clock cpu_clk rise edge)    0.000     0.000 r  <hidden>
    W5                                                0.000     0.000 r  clk
                         net (fo=0)                   0.000     0.000    clk
    W5                   IBUF (Prop_ibuf_I_O)         0.414     0.414 r  clk_IBUF_inst/O
                         net (fo=1, routed)           0.685     1.099    clk_IBUF
    BUFGCTRL_X0Y1        BUFG (Prop_bufg_I_O)         0.029     1.128 r  clk_IBUF_BUFG_inst/O
                         net (fo=1, routed)           0.832     1.959    clk_IBUF_BUFG
    SLICE_X36Y46         FDRE (Prop_fdre_C_Q)         0.175     2.134 r  clk_div_reg/Q
                         net (fo=2, routed)           0.315     2.449    clk_div
    BUFGCTRL_X0Y0        BUFG (Prop_bufg_I_O)         0.029     2.478 r  bufg_cpu/O
                         net (fo=6533, routed)        0.834     3.312    cpu_soc/ram/mem_array_reg_128_255_27_27/WCLK
    SLICE_X12Y99         RAMD64E                                      r  cpu_soc/ram/mem_array_reg_128_255_27_27/DP.HIGH/CLK
                         clock pessimism             -0.588     2.724    <hidden>
    SLICE_X12Y99         RAMD64E (Hold_ramd64e_CLK_WADR4)
                                                      0.200     2.924    cpu_soc/ram/mem_array_reg_128_255_27_27/DP.HIGH
  -------------------------------------------------------------------
                         required time                         -2.924    <hidden>
                         arrival time                           2.993    <hidden>
  -------------------------------------------------------------------
                         slack                                  0.069    <hidden>





Pulse Width Checks
--------------------------------------------------------------------------------------
Clock Name:         cpu_clk
Waveform(ns):       { 0.000 10.000 }
Period(ns):         20.000
Sources:            { bufg_cpu/O }

Check Type        Corner  Lib Pin      Reference Pin  Required(ns)  Actual(ns)  Slack(ns)  Location       Pin
Min Period        n/a     FDCE/C       n/a            1.000         20.000      19.000     SLICE_X36Y92   pc_sample_reg[0]/C
Low Pulse Width   Slow    RAMD64E/CLK  n/a            1.250         10.000      8.750      SLICE_X12Y109  cpu_soc/ram/mem_array_reg_0_127_0_0/DP.HIGH/CLK
High Pulse Width  Slow    RAMD64E/CLK  n/a            1.250         10.000      8.750      SLICE_X12Y109  cpu_soc/ram/mem_array_reg_0_127_0_0/DP.HIGH/CLK



---------------------------------------------------------------------------------------------------
Path Group:  **async_default**
From Clock:  cpu_clk
  To Clock:  cpu_clk

Setup :            0  Failing Endpoints,  Worst Slack        2.046ns,  Total Violation        0.000ns
Hold  :            0  Failing Endpoints,  Worst Slack        0.925ns,  Total Violation        0.000ns
---------------------------------------------------------------------------------------------------


Max Delay Paths
--------------------------------------------------------------------------------------
Slack (MET) :             2.046ns  (required time - arrival time)
  Source:                 rst_sync_reg[1]/C
                            (rising edge-triggered cell FDCE clocked by cpu_clk  {rise@0.000ns fall@10.000ns period=20.000ns})
  Destination:            cpu_soc/cpu/cpu_branch_predictor/target_flat_reg[586]/CLR
                            (recovery check against rising-edge clock cpu_clk  {rise@0.000ns fall@10.000ns period=20.000ns})
  Path Group:             **async_default**
  Path Type:              Recovery (Max at Slow Process Corner)
  Requirement:            20.000ns  (cpu_clk rise@20.000ns - cpu_clk rise@0.000ns)
  Data Path Delay:        17.310ns  (logic 0.580ns (3.351%)  route 16.730ns (96.649%))
  Logic Levels:           1  (LUT1=1)
  Clock Path Skew:        -0.204ns (DCD - SCD + CPR)
    Destination Clock Delay (DCD):    7.329ns = ( 27.329 - 20.000 ) 
    Source Clock Delay      (SCD):    8.008ns
    Clock Pessimism Removal (CPR):    0.476ns
  Clock Uncertainty:      0.035ns  ((TSJ^2 + TIJ^2)^1/2 + DJ) / 2 + PE
    Total System Jitter     (TSJ):    0.071ns
    Total Input Jitter      (TIJ):    0.000ns
    Discrete Jitter          (DJ):    0.000ns
    Phase Error              (PE):    0.000ns

    Location             Delay type                Incr(ns)  Path(ns)    Netlist Resource(s)
  -------------------------------------------------------------------    -------------------
                         (clock cpu_clk rise edge)    0.000     0.000 r  <hidden>
    W5                                                0.000     0.000 r  clk
                         net (fo=0)                   0.000     0.000    clk
    W5                   IBUF (Prop_ibuf_I_O)         1.458     1.458 r  clk_IBUF_inst/O
                         net (fo=1, routed)           1.967     3.425    clk_IBUF
    BUFGCTRL_X0Y1        BUFG (Prop_bufg_I_O)         0.096     3.521 r  clk_IBUF_BUFG_inst/O
                         net (fo=1, routed)           1.565     5.086    clk_IBUF_BUFG
    SLICE_X36Y46         FDRE (Prop_fdre_C_Q)         0.456     5.542 r  clk_div_reg/Q
                         net (fo=2, routed)           0.736     6.278    clk_div
    BUFGCTRL_X0Y0        BUFG (Prop_bufg_I_O)         0.096     6.374 r  bufg_cpu/O
                         net (fo=6533, routed)        1.634     8.008    cpu_clk
    SLICE_X4Y42          FDCE                                         r  rst_sync_reg[1]/C
  -------------------------------------------------------------------    -------------------
    SLICE_X4Y42          FDCE (Prop_fdce_C_Q)         0.456     8.464 r  rst_sync_reg[1]/Q
                         net (fo=1, routed)           0.658     9.122    cpu_soc/cpu/cpu_branch_predictor/Q[0]
    SLICE_X4Y42          LUT1 (Prop_lut1_I0_O)        0.124     9.246 f  cpu_soc/cpu/cpu_branch_predictor/i_/O
                         net (fo=5475, routed)       16.072    25.318    cpu_soc/cpu/cpu_branch_predictor/rst_sync_reg[1]
    SLICE_X55Y79         FDCE                                         f  cpu_soc/cpu/cpu_branch_predictor/target_flat_reg[586]/CLR
  -------------------------------------------------------------------    -------------------

                         (clock cpu_clk rise edge)   20.000    20.000 r  <hidden>
    W5                                                0.000    20.000 r  clk
                         net (fo=0)                   0.000    20.000    clk
    W5                   IBUF (Prop_ibuf_I_O)         1.388    21.388 r  clk_IBUF_inst/O
                         net (fo=1, routed)           1.862    23.250    clk_IBUF
    BUFGCTRL_X0Y1        BUFG (Prop_bufg_I_O)         0.091    23.341 r  clk_IBUF_BUFG_inst/O
                         net (fo=1, routed)           1.445    24.786    clk_IBUF_BUFG
    SLICE_X36Y46         FDRE (Prop_fdre_C_Q)         0.367    25.153 r  clk_div_reg/Q
                         net (fo=2, routed)           0.654    25.807    clk_div
    BUFGCTRL_X0Y0        BUFG (Prop_bufg_I_O)         0.091    25.898 r  bufg_cpu/O
                         net (fo=6533, routed)        1.431    27.329    cpu_soc/cpu/cpu_branch_predictor/cpu_clk
    SLICE_X55Y79         FDCE                                         r  cpu_soc/cpu/cpu_branch_predictor/target_flat_reg[586]/C
                         clock pessimism              0.476    27.805    <hidden>
                         clock uncertainty           -0.035    27.769    <hidden>
    SLICE_X55Y79         FDCE (Recov_fdce_C_CLR)     -0.405    27.364    cpu_soc/cpu/cpu_branch_predictor/target_flat_reg[586]
  -------------------------------------------------------------------
                         required time                         27.364    <hidden>
                         arrival time                         -25.318    <hidden>
  -------------------------------------------------------------------
                         slack                                  2.046    <hidden>





Min Delay Paths
--------------------------------------------------------------------------------------
Slack (MET) :             0.925ns  (arrival time - required time)
  Source:                 rst_sync_reg[1]/C
                            (rising edge-triggered cell FDCE clocked by cpu_clk  {rise@0.000ns fall@10.000ns period=20.000ns})
  Destination:            pc_sample_reg[3]/CLR
                            (removal check against rising-edge clock cpu_clk  {rise@0.000ns fall@10.000ns period=20.000ns})
  Path Group:             **async_default**
  Path Type:              Removal (Min at Fast Process Corner)
  Requirement:            0.000ns  (cpu_clk rise@0.000ns - cpu_clk rise@0.000ns)
  Data Path Delay:        1.090ns  (logic 0.186ns (17.070%)  route 0.904ns (82.930%))
  Logic Levels:           1  (LUT1=1)
  Clock Path Skew:        0.232ns (DCD - SCD - CPR)
    Destination Clock Delay (DCD):    3.301ns
    Source Clock Delay      (SCD):    2.486ns
    Clock Pessimism Removal (CPR):    0.583ns

    Location             Delay type                Incr(ns)  Path(ns)    Netlist Resource(s)
  -------------------------------------------------------------------    -------------------
                         (clock cpu_clk rise edge)    0.000     0.000 r  <hidden>
    W5                                                0.000     0.000 r  clk
                         net (fo=0)                   0.000     0.000    clk
    W5                   IBUF (Prop_ibuf_I_O)         0.226     0.226 r  clk_IBUF_inst/O
                         net (fo=1, routed)           0.631     0.858    clk_IBUF
    BUFGCTRL_X0Y1        BUFG (Prop_bufg_I_O)         0.026     0.884 r  clk_IBUF_BUFG_inst/O
                         net (fo=1, routed)           0.563     1.446    clk_IBUF_BUFG
    SLICE_X36Y46         FDRE (Prop_fdre_C_Q)         0.141     1.587 r  clk_div_reg/Q
                         net (fo=2, routed)           0.282     1.869    clk_div
    BUFGCTRL_X0Y0        BUFG (Prop_bufg_I_O)         0.026     1.895 r  bufg_cpu/O
                         net (fo=6533, routed)        0.592     2.486    cpu_clk
    SLICE_X4Y42          FDCE                                         r  rst_sync_reg[1]/C
  -------------------------------------------------------------------    -------------------
    SLICE_X4Y42          FDCE (Prop_fdce_C_Q)         0.141     2.627 r  rst_sync_reg[1]/Q
                         net (fo=1, routed)           0.221     2.848    cpu_soc/cpu/cpu_branch_predictor/Q[0]
    SLICE_X4Y42          LUT1 (Prop_lut1_I0_O)        0.045     2.893 f  cpu_soc/cpu/cpu_branch_predictor/i_/O
                         net (fo=5475, routed)        0.683     3.576    cpu_soc_n_16
    SLICE_X14Y69         FDCE                                         f  pc_sample_reg[3]/CLR
  -------------------------------------------------------------------    -------------------

                         (clock cpu_clk rise edge)    0.000     0.000 r  <hidden>
    W5                                                0.000     0.000 r  clk
                         net (fo=0)                   0.000     0.000    clk
    W5                   IBUF (Prop_ibuf_I_O)         0.414     0.414 r  clk_IBUF_inst/O
                         net (fo=1, routed)           0.685     1.099    clk_IBUF
    BUFGCTRL_X0Y1        BUFG (Prop_bufg_I_O)         0.029     1.128 r  clk_IBUF_BUFG_inst/O
                         net (fo=1, routed)           0.832     1.959    clk_IBUF_BUFG
    SLICE_X36Y46         FDRE (Prop_fdre_C_Q)         0.175     2.134 r  clk_div_reg/Q
                         net (fo=2, routed)           0.315     2.449    clk_div
    BUFGCTRL_X0Y0        BUFG (Prop_bufg_I_O)         0.029     2.478 r  bufg_cpu/O
                         net (fo=6533, routed)        0.823     3.301    cpu_clk
    SLICE_X14Y69         FDCE                                         r  pc_sample_reg[3]/C
                         clock pessimism             -0.583     2.718    <hidden>
    SLICE_X14Y69         FDCE (Remov_fdce_C_CLR)     -0.067     2.651    pc_sample_reg[3]
  -------------------------------------------------------------------
                         required time                         -2.651    <hidden>
                         arrival time                           3.576    <hidden>
  -------------------------------------------------------------------
                         slack                                  0.925    <hidden>





