#-----------------------------------------------------------
# Vivado v2026.1 (64-bit)
# SW Build 6511674 on Tue Jun 16 11:02:23 MDT 2026
# IP Build 6504888 on Tue Jun 09 09:05:25 MDT 2026
# SharedData Build 6501428 on Mon Jun 08 17:34:18 MDT 2026
# Start of session at: Sun Sep  6 01:15:51 2026
# Process ID         : 9012
# Current directory  : X:/Entropic_R32-P5_RISC-V/fpga/basys3/proj/r32p5_basys3.runs/synth_1
# Command line       : vivado.exe -log basys3_top.vds -product Vivado -mode batch -messageDb vivado.pb -notrace -source basys3_top.tcl
# Log file           : X:/Entropic_R32-P5_RISC-V/fpga/basys3/proj/r32p5_basys3.runs/synth_1/basys3_top.vds
# Journal file       : X:/Entropic_R32-P5_RISC-V/fpga/basys3/proj/r32p5_basys3.runs/synth_1\vivado.jou
# Running On         : AORUS15XE4
# Platform           : Windows 11
# Operating System   : 26200
# Processor Detail   : 12th Gen Intel(R) Core(TM) i7-12700H
# CPU Frequency      : 2688 MHz
# CPU Physical cores : 14
# CPU Logical cores  : 20
# Host memory        : 34008 MB
# Swap memory        : 5905 MB
# Total Virtual      : 39914 MB
# Available Virtual  : 16498 MB
#-----------------------------------------------------------
source basys3_top.tcl -notrace
